Archive member included to satisfy reference by file (symbol)

c:/program files (x86)/atollic/truestudio for arm 5.5.1/armtools/bin/../lib/gcc/arm-atollic-eabi/5.3.1/../../../../arm-atollic-eabi/lib/armv7-m\libc_nano.a(lib_a-atoi.o)
                              src\ESP8266\NODEFirm\nodefirm.o (atoi)
c:/program files (x86)/atollic/truestudio for arm 5.5.1/armtools/bin/../lib/gcc/arm-atollic-eabi/5.3.1/../../../../arm-atollic-eabi/lib/armv7-m\libc_nano.a(lib_a-init.o)
                              src\startup_stm32f10x_md.o (__libc_init_array)
c:/program files (x86)/atollic/truestudio for arm 5.5.1/armtools/bin/../lib/gcc/arm-atollic-eabi/5.3.1/../../../../arm-atollic-eabi/lib/armv7-m\libc_nano.a(lib_a-memcpy-stub.o)
                              src\ESP8266\ESP8266_Data_Types.o (memcpy)
c:/program files (x86)/atollic/truestudio for arm 5.5.1/armtools/bin/../lib/gcc/arm-atollic-eabi/5.3.1/../../../../arm-atollic-eabi/lib/armv7-m\libc_nano.a(lib_a-memmem.o)
                              src\ESP8266\esp8266.o (memmem)
c:/program files (x86)/atollic/truestudio for arm 5.5.1/armtools/bin/../lib/gcc/arm-atollic-eabi/5.3.1/../../../../arm-atollic-eabi/lib/armv7-m\libc_nano.a(lib_a-memset.o)
                              src\CustomStructs\HelperFunctions.o (memset)
c:/program files (x86)/atollic/truestudio for arm 5.5.1/armtools/bin/../lib/gcc/arm-atollic-eabi/5.3.1/../../../../arm-atollic-eabi/lib/armv7-m\libc_nano.a(lib_a-nano-vfprintf_float.o)
                              (_printf_float)
c:/program files (x86)/atollic/truestudio for arm 5.5.1/armtools/bin/../lib/gcc/arm-atollic-eabi/5.3.1/../../../../arm-atollic-eabi/lib/armv7-m\libc_nano.a(lib_a-nano-vfprintf_i.o)
                              c:/program files (x86)/atollic/truestudio for arm 5.5.1/armtools/bin/../lib/gcc/arm-atollic-eabi/5.3.1/../../../../arm-atollic-eabi/lib/armv7-m\libc_nano.a(lib_a-nano-vfprintf_float.o) (_printf_common)
c:/program files (x86)/atollic/truestudio for arm 5.5.1/armtools/bin/../lib/gcc/arm-atollic-eabi/5.3.1/../../../../arm-atollic-eabi/lib/armv7-m\libc_nano.a(lib_a-sprintf.o)
                              src\ESP8266\esp8266.o (sprintf)
c:/program files (x86)/atollic/truestudio for arm 5.5.1/armtools/bin/../lib/gcc/arm-atollic-eabi/5.3.1/../../../../arm-atollic-eabi/lib/armv7-m\libc_nano.a(lib_a-strcmp.o)
                              src\main.o (strcmp)
c:/program files (x86)/atollic/truestudio for arm 5.5.1/armtools/bin/../lib/gcc/arm-atollic-eabi/5.3.1/../../../../arm-atollic-eabi/lib/armv7-m\libc_nano.a(lib_a-strcpy.o)
                              src\ESP8266\NODEFirm\nodefirm.o (strcpy)
c:/program files (x86)/atollic/truestudio for arm 5.5.1/armtools/bin/../lib/gcc/arm-atollic-eabi/5.3.1/../../../../arm-atollic-eabi/lib/armv7-m\libc_nano.a(lib_a-strlen.o)
                              src\ESP8266\esp8266.o (strlen)
c:/program files (x86)/atollic/truestudio for arm 5.5.1/armtools/bin/../lib/gcc/arm-atollic-eabi/5.3.1/../../../../arm-atollic-eabi/lib/armv7-m\libc_nano.a(lib_a-strstr.o)
                              src\CustomStructs\HelperFunctions.o (strstr)
c:/program files (x86)/atollic/truestudio for arm 5.5.1/armtools/bin/../lib/gcc/arm-atollic-eabi/5.3.1/../../../../arm-atollic-eabi/lib/armv7-m\libc_nano.a(lib_a-strtok.o)
                              src\ESP8266\NODEFirm\nodefirm.o (strtok)
c:/program files (x86)/atollic/truestudio for arm 5.5.1/armtools/bin/../lib/gcc/arm-atollic-eabi/5.3.1/../../../../arm-atollic-eabi/lib/armv7-m\libc_nano.a(lib_a-strtok_r.o)
                              c:/program files (x86)/atollic/truestudio for arm 5.5.1/armtools/bin/../lib/gcc/arm-atollic-eabi/5.3.1/../../../../arm-atollic-eabi/lib/armv7-m\libc_nano.a(lib_a-strtok.o) (__strtok_r)
c:/program files (x86)/atollic/truestudio for arm 5.5.1/armtools/bin/../lib/gcc/arm-atollic-eabi/5.3.1/../../../../arm-atollic-eabi/lib/armv7-m\libc_nano.a(lib_a-strtol.o)
                              c:/program files (x86)/atollic/truestudio for arm 5.5.1/armtools/bin/../lib/gcc/arm-atollic-eabi/5.3.1/../../../../arm-atollic-eabi/lib/armv7-m\libc_nano.a(lib_a-atoi.o) (_strtol_r)
c:/program files (x86)/atollic/truestudio for arm 5.5.1/armtools/bin/../lib/gcc/arm-atollic-eabi/5.3.1/../../../../arm-atollic-eabi/lib/armv7-m\libc_nano.a(lib_a-ctype_.o)
                              c:/program files (x86)/atollic/truestudio for arm 5.5.1/armtools/bin/../lib/gcc/arm-atollic-eabi/5.3.1/../../../../arm-atollic-eabi/lib/armv7-m\libc_nano.a(lib_a-strtol.o) (__ctype_ptr__)
c:/program files (x86)/atollic/truestudio for arm 5.5.1/armtools/bin/../lib/gcc/arm-atollic-eabi/5.3.1/../../../../arm-atollic-eabi/lib/armv7-m\libc_nano.a(lib_a-dtoa.o)
                              c:/program files (x86)/atollic/truestudio for arm 5.5.1/armtools/bin/../lib/gcc/arm-atollic-eabi/5.3.1/../../../../arm-atollic-eabi/lib/armv7-m\libc_nano.a(lib_a-nano-vfprintf_float.o) (_dtoa_r)
[...]
Memory Configuration

Name             Origin             Length             Attributes
FLASH            0x08000000         0x00010000         xr
RAM              0x20000000         0x00005000         xrw
MEMORY_B1        0x60000000         0x00000000         xr
*default*        0x00000000         0xffffffff

Linker script and memory map

LOAD c:/program files (x86)/atollic/truestudio for arm 5.5.1/armtools/bin/../lib/gcc/arm-atollic-eabi/5.3.1/armv7-m/crti.o
LOAD c:/program files (x86)/atollic/truestudio for arm 5.5.1/armtools/bin/../lib/gcc/arm-atollic-eabi/5.3.1/armv7-m/crtbegin.o
LOAD src\system_stm32f10x.o
LOAD src\stm32f1xx_it.o
LOAD src\startup_stm32f10x_md.o
LOAD src\main.o
LOAD src\USART\usart.o
LOAD src\Time\time.o
LOAD src\Sys_Config\Sys_Config.o
LOAD src\InstanceControls\SwampControls.o
LOAD src\ESP8266\esp8266.o
LOAD src\ESP8266\NODEFirm\nodefirm.o
LOAD src\ESP8266\ESP8266_Data_Types.o
LOAD src\ESP8266\ATFirm\atfirm.o
LOAD src\DHT22\dht22.o
LOAD src\CustomStructs\HelperFunctions.o
LOAD Libraries\STM32F10x_StdPeriph_Driver\src\stm32f10x_wwdg.o
LOAD Libraries\STM32F10x_StdPeriph_Driver\src\stm32f10x_usart.o
LOAD Libraries\STM32F10x_StdPeriph_Driver\src\stm32f10x_tim.o
LOAD Libraries\STM32F10x_StdPeriph_Driver\src\stm32f10x_spi.o
LOAD Libraries\STM32F10x_StdPeriph_Driver\src\stm32f10x_sdio.o
LOAD Libraries\STM32F10x_StdPeriph_Driver\src\stm32f10x_rtc.o
LOAD Libraries\STM32F10x_StdPeriph_Driver\src\stm32f10x_rcc.o
LOAD Libraries\STM32F10x_StdPeriph_Driver\src\stm32f10x_pwr.o
LOAD Libraries\STM32F10x_StdPeriph_Driver\src\stm32f10x_iwdg.o
LOAD Libraries\STM32F10x_StdPeriph_Driver\src\stm32f10x_i2c.o
LOAD Libraries\STM32F10x_StdPeriph_Driver\src\stm32f10x_gpio.o
LOAD Libraries\STM32F10x_StdPeriph_Driver\src\stm32f10x_fsmc.o
LOAD Libraries\STM32F10x_StdPeriph_Driver\src\stm32f10x_flash.o
LOAD Libraries\STM32F10x_StdPeriph_Driver\src\stm32f10x_exti.o
LOAD Libraries\STM32F10x_StdPeriph_Driver\src\stm32f10x_dma.o
LOAD Libraries\STM32F10x_StdPeriph_Driver\src\stm32f10x_dbgmcu.o
LOAD Libraries\STM32F10x_StdPeriph_Driver\src\stm32f10x_dac.o
LOAD Libraries\STM32F10x_StdPeriph_Driver\src\stm32f10x_crc.o
LOAD Libraries\STM32F10x_StdPeriph_Driver\src\stm32f10x_cec.o
LOAD Libraries\STM32F10x_StdPeriph_Driver\src\stm32f10x_can.o
LOAD Libraries\STM32F10x_StdPeriph_Driver\src\stm32f10x_bkp.o
LOAD Libraries\STM32F10x_StdPeriph_Driver\src\stm32f10x_adc.o
LOAD Libraries\STM32F10x_StdPeriph_Driver\src\misc.o
START GROUP
LOAD c:/program files (x86)/atollic/truestudio for arm 5.5.1/armtools/bin/../lib/gcc/arm-atollic-eabi/5.3.1/../../../../arm-atollic-eabi/lib/armv7-m\libc_nano.a
LOAD c:/program files (x86)/atollic/truestudio for arm 5.5.1/armtools/bin/../lib/gcc/arm-atollic-eabi/5.3.1/../../../../arm-atollic-eabi/lib/armv7-m\libm.a
END GROUP
                0x00000080                malloc_getpagesize_P = 0x80
START GROUP
LOAD c:/program files (x86)/atollic/truestudio for arm 5.5.1/armtools/bin/../lib/gcc/arm-atollic-eabi/5.3.1/armv7-m\libgcc.a
LOAD c:/program files (x86)/atollic/truestudio for arm 5.5.1/armtools/bin/../lib/gcc/arm-atollic-eabi/5.3.1/../../../../arm-atollic-eabi/lib/armv7-m\libc_nano.a
END GROUP
START GROUP
LOAD c:/program files (x86)/atollic/truestudio for arm 5.5.1/armtools/bin/../lib/gcc/arm-atollic-eabi/5.3.1/armv7-m\libgcc.a
LOAD c:/program files (x86)/atollic/truestudio for arm 5.5.1/armtools/bin/../lib/gcc/arm-atollic-eabi/5.3.1/../../../../arm-atollic-eabi/lib/armv7-m\libc_nano.a
LOAD c:/program files (x86)/atollic/truestudio for arm 5.5.1/armtools/bin/../lib/gcc/arm-atollic-eabi/5.3.1/../../../../arm-atollic-eabi/lib/armv7-m\libnosys.a
END GROUP
START GROUP
LOAD c:/program files (x86)/atollic/truestudio for arm 5.5.1/armtools/bin/../lib/gcc/arm-atollic-eabi/5.3.1/armv7-m\libgcc.a
LOAD c:/program files (x86)/atollic/truestudio for arm 5.5.1/armtools/bin/../lib/gcc/arm-atollic-eabi/5.3.1/../../../../arm-atollic-eabi/lib/armv7-m\libc_nano.a
LOAD c:/program files (x86)/atollic/truestudio for arm 5.5.1/armtools/bin/../lib/gcc/arm-atollic-eabi/5.3.1/../../../../arm-atollic-eabi/lib/armv7-m\libnosys.a
END GROUP
LOAD c:/program files (x86)/atollic/truestudio for arm 5.5.1/armtools/bin/../lib/gcc/arm-atollic-eabi/5.3.1/armv7-m/crtend.o
LOAD c:/program files (x86)/atollic/truestudio for arm 5.5.1/armtools/bin/../lib/gcc/arm-atollic-eabi/5.3.1/armv7-m/crtn.o
                0x20005000                _estack = 0x20005000
                0x00000000                _Min_Heap_Size = 0x0
                0x00000100                _Min_Stack_Size = 0x100

.isr_vector     0x08000000      0x10c
                0x08000000                . = ALIGN (0x4)
 *(.isr_vector)
 .isr_vector    0x08000000      0x10c src\startup_stm32f10x_md.o
                0x08000000                g_pfnVectors
                0x0800010c                . = ALIGN (0x4)

.text           0x08000110     0x4d00
                0x08000110                . = ALIGN (0x4)
 *(.text)
 .text          0x08000110       0x40 c:/program files (x86)/atollic/truestudio for arm 5.5.1/armtools/bin/../lib/gcc/arm-atollic-eabi/5.3.1/armv7-m/crtbegin.o
 .text          0x08000150       0x14 c:/program files (x86)/atollic/truestudio for arm 5.5.1/armtools/bin/../lib/gcc/arm-atollic-eabi/5.3.1/../../../../arm-atollic-eabi/lib/armv7-m\libc_nano.a(lib_a-strcmp.o)
                0x08000150                strcmp
 .text          0x08000164       0x10 c:/program files (x86)/atollic/truestudio for arm 5.5.1/armtools/bin/../lib/gcc/arm-atollic-eabi/5.3.1/../../../../arm-atollic-eabi/lib/armv7-m\libc_nano.a(lib_a-strlen.o)
                0x08000164                strlen
 .text          0x08000174      0x370 c:/program files (x86)/atollic/truestudio for arm 5.5.1/armtools/bin/../lib/gcc/arm-atollic-eabi/5.3.1/armv7-m\libgcc.a(_arm_addsubdf3.o)
                0x08000174                __aeabi_drsub
                0x0800017c                __aeabi_dsub
                0x0800017c                __subdf3
                0x08000180                __aeabi_dadd
                0x08000180                __adddf3
                0x080003f8                __floatunsidf
                0x080003f8                __aeabi_ui2d
                0x08000418                __floatsidf
                0x08000418                __aeabi_i2d
                0x0800043c                __aeabi_f2d
                0x0800043c                __extendsfdf2
                0x08000478                __floatundidf
                0x08000478                __aeabi_ul2d
                0x08000488                __floatdidf
                0x08000488                __aeabi_l2d
 .text          0x080004e4      0x424 c:/program files (x86)/atollic/truestudio for arm 5.5.1/armtools/bin/../lib/gcc/arm-atollic-eabi/5.3.1/armv7-m\libgcc.a(_arm_muldivdf3.o)
                0x080004e4                __aeabi_dmul
                0x080004e4                __muldf3
                0x08000738                __divdf3
                0x08000738                __aeabi_ddiv
 .text          0x08000908      0x110 c:/program files (x86)/atollic/truestudio for arm 5.5.1/armtools/bin/../lib/gcc/arm-atollic-eabi/5.3.1/armv7-m\libgcc.a(_arm_cmpdf2.o)
                0x08000908                __gtdf2
                0x08000908                __gedf2
                0x08000910                __ltdf2
                0x08000910                __ledf2
                0x08000918                __nedf2
                0x08000918                __eqdf2
                0x08000918                __cmpdf2
                0x08000994                __aeabi_cdrcmple
                0x080009a4                __aeabi_cdcmpeq
                0x080009a4                __aeabi_cdcmple
                0x080009b4                __aeabi_dcmpeq
                0x080009c8                __aeabi_dcmplt
                0x080009dc                __aeabi_dcmple
                0x080009f0                __aeabi_dcmpge
                0x08000a04                __aeabi_dcmpgt
 .text          0x08000a18       0x2c c:/program files (x86)/atollic/truestudio for arm 5.5.1/armtools/bin/../lib/gcc/arm-atollic-eabi/5.3.1/armv7-m\libgcc.a(_arm_unorddf2.o)
                0x08000a18                __unorddf2
                0x08000a18                __aeabi_dcmpun
 .text          0x08000a44       0x50 c:/program files (x86)/atollic/truestudio for arm 5.5.1/armtools/bin/../lib/gcc/arm-atollic-eabi/5.3.1/armv7-m\libgcc.a(_arm_fixdfsi.o)
                0x08000a44                __aeabi_d2iz
                0x08000a44                __fixdfsi
 .text          0x08000a94       0xa0 c:/program files (x86)/atollic/truestudio for arm 5.5.1/armtools/bin/../lib/gcc/arm-atollic-eabi/5.3.1/armv7-m\libgcc.a(_arm_truncdfsf2.o)
                0x08000a94                __truncdfsf2
                0x08000a94                __aeabi_d2f
 .text          0x08000b34       0xec c:/program files (x86)/atollic/truestudio for arm 5.5.1/armtools/bin/../lib/gcc/arm-atollic-eabi/5.3.1/armv7-m\libgcc.a(_arm_cmpsf2.o)
                0x08000b34                __gesf2
                0x08000b34                __gtsf2
                0x08000b3c                __lesf2
                0x08000b3c                __ltsf2
                0x08000b44                __nesf2
                0x08000b44                __eqsf2
                0x08000b44                __cmpsf2
                0x08000ba4                __aeabi_cfrcmple
                0x08000bac                __aeabi_cfcmpeq
                0x08000bac                __aeabi_cfcmple
                0x08000bbc                __aeabi_fcmpeq
                0x08000bd0                __aeabi_fcmplt
                0x08000be4                __aeabi_fcmple
                0x08000bf8                __aeabi_fcmpge
                0x08000c0c                __aeabi_fcmpgt
 *(.text*)
 .text.SystemInit
                0x08000c20       0x68 src\system_stm32f10x.o
                0x08000c20                SystemInit
 .text.SetSysClock
                0x08000c88        0xc src\system_stm32f10x.o
 .text.SetSysClockTo72
                0x08000c94      0x100 src\system_stm32f10x.o
 .text.NMI_Handler
                0x08000d94        0xc src\stm32f1xx_it.o
                0x08000d94                NMI_Handler
 .text.HardFault_Handler
                0x08000da0        0x8 src\stm32f1xx_it.o
                0x08000da0                HardFault_Handler
 .text.MemManage_Handler
                0x08000da8        0x8 src\stm32f1xx_it.o
                0x08000da8                MemManage_Handler
 .text.BusFault_Handler
                0x08000db0        0x8 src\stm32f1xx_it.o
                0x08000db0                BusFault_Handler
 .text.UsageFault_Handler
                0x08000db8        0x8 src\stm32f1xx_it.o
                0x08000db8                UsageFault_Handler
 .text.SVC_Handler
                0x08000dc0        0xc src\stm32f1xx_it.o
                0x08000dc0                SVC_Handler
 .text.DebugMon_Handler
                0x08000dcc        0xc src\stm32f1xx_it.o
                0x08000dcc                DebugMon_Handler
 .text.PendSV_Handler
                0x08000dd8        0xc src\stm32f1xx_it.o
                0x08000dd8                PendSV_Handler
 .text.Reset_Handler
                0x08000de4       0x50 src\startup_stm32f10x_md.o
                0x08000de4                Reset_Handler
 .text.Default_Handler
                0x08000e34        0x2 src\startup_stm32f10x_md.o
                0x08000e34                EXTI2_IRQHandler
                0x08000e34                TIM1_CC_IRQHandler
                0x08000e34                PVD_IRQHandler
                0x08000e34                EXTI3_IRQHandler
                0x08000e34                EXTI0_IRQHandler
                0x08000e34                I2C2_EV_IRQHandler
                0x08000e34                ADC1_2_IRQHandler
                0x08000e34                SPI1_IRQHandler
                0x08000e34                TAMPER_IRQHandler
                0x08000e34                DMA1_Channel4_IRQHandler
                0x08000e34                RTC_IRQHandler
                0x08000e34                DMA1_Channel7_IRQHandler
                0x08000e34                CAN1_RX1_IRQHandler
                0x08000e34                TIM4_IRQHandler
                0x08000e34                I2C1_EV_IRQHandler
                0x08000e34                DMA1_Channel6_IRQHandler
                0x08000e34                TIM3_IRQHandler
                0x08000e34                RCC_IRQHandler
                0x08000e34                TIM1_TRG_COM_IRQHandler
                0x08000e34                DMA1_Channel1_IRQHandler
                0x08000e34                Default_Handler
                0x08000e34                EXTI15_10_IRQHandler
                0x08000e34                SPI2_IRQHandler
                0x08000e34                DMA1_Channel5_IRQHandler
                0x08000e34                EXTI4_IRQHandler
                0x08000e34                USB_LP_CAN1_RX0_IRQHandler
                0x08000e34                USB_HP_CAN1_TX_IRQHandler
                0x08000e34                DMA1_Channel3_IRQHandler
                0x08000e34                TIM1_UP_IRQHandler
                0x08000e34                WWDG_IRQHandler
                0x08000e34                TIM2_IRQHandler
                0x08000e34                TIM1_BRK_IRQHandler
                0x08000e34                EXTI1_IRQHandler
                0x08000e34                RTCAlarm_IRQHandler
                0x08000e34                USART2_IRQHandler
                0x08000e34                I2C2_ER_IRQHandler
                0x08000e34                DMA1_Channel2_IRQHandler
                0x08000e34                CAN1_SCE_IRQHandler
                0x08000e34                FLASH_IRQHandler
                0x08000e34                USART1_IRQHandler
                0x08000e34                I2C1_ER_IRQHandler
                0x08000e34                USBWakeUp_IRQHandler
 *fill*         0x08000e36        0x2 
 .text.main     0x08000e38       0xfc src\main.o
                0x08000e38                main
 .text.Configure_HSE_Clock
                0x08000f34       0x80 src\main.o
                0x08000f34                Configure_HSE_Clock
 .text.usart_Config_GPIO_static3
                0x08000fb4       0x44 src\USART\usart.o
                0x08000fb4                usart_Config_GPIO_static3
 .text.usart_Init_Periph
                0x08000ff8       0x44 src\USART\usart.o
                0x08000ff8                usart_Init_Periph
 .text.USART_Init_DMA3
                0x0800103c       0xd4 src\USART\usart.o
                0x0800103c                USART_Init_DMA3
 .text.DMA_Initialize
                0x08001110       0x90 src\USART\usart.o
                0x08001110                DMA_Initialize
 .text.USART3_IRQHandler
                0x080011a0       0x18 src\USART\usart.o
                0x080011a0                USART3_IRQHandler
 .text.NVIC_SetPriority
                0x080011b8       0x54 src\Time\time.o
 .text.SysTick_Config
                0x0800120c       0x44 src\Time\time.o
 .text.Init_Time
                0x08001250       0x3c src\Time\time.o
                0x08001250                Init_Time
 .text.Micros   0x0800128c       0x40 src\Time\time.o
                0x0800128c                Micros
 .text.Millis   0x080012cc       0x14 src\Time\time.o
                0x080012cc                Millis
 .text.SysTick_Handler
                0x080012e0       0x1c src\Time\time.o
                0x080012e0                SysTick_Handler
 .text.Init_InstanceControls
                0x080012fc       0x10 src\InstanceControls\SwampControls.o
                0x080012fc                Init_InstanceControls
 .text.Set_PumpState
                0x0800130c       0x40 src\InstanceControls\SwampControls.o
                0x0800130c                Set_PumpState
 .text.Set_Fan_State
                0x0800134c       0x68 src\InstanceControls\SwampControls.o
                0x0800134c                Set_Fan_State
 .text.SetSafeState
                0x080013b4       0x30 src\InstanceControls\SwampControls.o
                0x080013b4                SetSafeState
 .text.init_controls_gpio
                0x080013e4       0x54 src\InstanceControls\SwampControls.o
                0x080013e4                init_controls_gpio
 .text.ESP_Init_DMA_USART3
                0x08001438       0x24 src\ESP8266\esp8266.o
                0x08001438                ESP_Init_DMA_USART3
 .text._esp_GPIO_Init
                0x0800145c       0x28 src\ESP8266\esp8266.o
                0x0800145c                _esp_GPIO_Init
 .text.ESP_On   0x08001484       0x18 src\ESP8266\esp8266.o
                0x08001484                ESP_On
 .text.ESP_ReadyWaitForAnswer
                0x0800149c       0x20 src\ESP8266\esp8266.o
                0x0800149c                ESP_ReadyWaitForAnswer
 .text.ESP_SendCustomCommand_External_Wait
                0x080014bc       0xb8 src\ESP8266\esp8266.o
                0x080014bc                ESP_SendCustomCommand_External_Wait
 .text.SaveTempHumid
                0x08001574       0x54 src\ESP8266\NODEFirm\nodefirm.o
                0x08001574                SaveTempHumid
 .text.ESP_GetWaitingCommand_DMA
                0x080015c8      0x110 src\ESP8266\NODEFirm\nodefirm.o
                0x080015c8                ESP_GetWaitingCommand_DMA
 .text.StartRestService
                0x080016d8       0x38 src\ESP8266\NODEFirm\nodefirm.o
                0x080016d8                StartRestService
 .text.NVIC_SetPriority
                0x08001710       0x54 src\DHT22\dht22.o
 .text.NVIC_EncodePriority
                0x08001764       0x64 src\DHT22\dht22.o
 .text.DHT22_Init
                0x080017c8       0x14 src\DHT22\dht22.o
                0x080017c8                DHT22_Init
 .text.DHT22_Start_Read
                0x080017dc      0x198 src\DHT22\dht22.o
                0x080017dc                DHT22_Start_Read
 .text.DHT22_Config_CLK
                0x08001974       0x18 src\DHT22\dht22.o
                0x08001974                DHT22_Config_CLK
 .text.DHT22_Config_GPIO_INPUT
                0x0800198c       0x2c src\DHT22\dht22.o
                0x0800198c                DHT22_Config_GPIO_INPUT
 .text.DHT22_Config_GPIO_OUTPUT
                0x080019b8       0x2c src\DHT22\dht22.o
                0x080019b8                DHT22_Config_GPIO_OUTPUT
 .text.DHT22_Config_EXTInterrupt_Enable
                0x080019e4       0x30 src\DHT22\dht22.o
                0x080019e4                DHT22_Config_EXTInterrupt_Enable
 .text.DHT22_Config_NVIC
                0x08001a14       0x3c src\DHT22\dht22.o
                0x08001a14                DHT22_Config_NVIC
 .text.DHT22_Times_To_Bits
                0x08001a50       0xdc src\DHT22\dht22.o
                0x08001a50                DHT22_Times_To_Bits
 .text.DHT22_Times_To_Bits16
                0x08001b2c       0xac src\DHT22\dht22.o
                0x08001b2c                DHT22_Times_To_Bits16
 .text.EXTI9_5_IRQHandler
                0x08001bd8       0x9c src\DHT22\dht22.o
                0x08001bd8                EXTI9_5_IRQHandler
 .text.ClearArray_Size
                0x08001c74       0x20 src\CustomStructs\HelperFunctions.o
                0x08001c74                ClearArray_Size
 .text.USART_Init
                0x08001c94      0x174 Libraries\STM32F10x_StdPeriph_Driver\src\stm32f10x_usart.o
                0x08001c94                USART_Init
 .text.USART_Cmd
                0x08001e08       0x40 Libraries\STM32F10x_StdPeriph_Driver\src\stm32f10x_usart.o
                0x08001e08                USART_Cmd
 .text.USART_ITConfig
                0x08001e48       0x90 Libraries\STM32F10x_StdPeriph_Driver\src\stm32f10x_usart.o
                0x08001e48                USART_ITConfig
 .text.USART_DMACmd
                0x08001ed8       0x48 Libraries\STM32F10x_StdPeriph_Driver\src\stm32f10x_usart.o
                0x08001ed8                USART_DMACmd
 .text.USART_SendData
                0x08001f20       0x24 Libraries\STM32F10x_StdPeriph_Driver\src\stm32f10x_usart.o
                0x08001f20                USART_SendData
 .text.USART_GetFlagStatus
                0x08001f44       0x38 Libraries\STM32F10x_StdPeriph_Driver\src\stm32f10x_usart.o
                0x08001f44                USART_GetFlagStatus
 .text.RCC_DeInit
                0x08001f7c       0x5c Libraries\STM32F10x_StdPeriph_Driver\src\stm32f10x_rcc.o
                0x08001f7c                RCC_DeInit
 .text.RCC_HSEConfig
                0x08001fd8       0x5c Libraries\STM32F10x_StdPeriph_Driver\src\stm32f10x_rcc.o
                0x08001fd8                RCC_HSEConfig
 .text.RCC_PLLConfig
                0x08002034       0x3c Libraries\STM32F10x_StdPeriph_Driver\src\stm32f10x_rcc.o
                0x08002034                RCC_PLLConfig
 .text.RCC_PLLCmd
                0x08002070       0x20 Libraries\STM32F10x_StdPeriph_Driver\src\stm32f10x_rcc.o
                0x08002070                RCC_PLLCmd
 .text.RCC_SYSCLKConfig
                0x08002090       0x38 Libraries\STM32F10x_StdPeriph_Driver\src\stm32f10x_rcc.o
                0x08002090                RCC_SYSCLKConfig
 .text.RCC_HCLKConfig
                0x080020c8       0x38 Libraries\STM32F10x_StdPeriph_Driver\src\stm32f10x_rcc.o
                0x080020c8                RCC_HCLKConfig
 .text.RCC_PCLK1Config
                0x08002100       0x38 Libraries\STM32F10x_StdPeriph_Driver\src\stm32f10x_rcc.o
                0x08002100                RCC_PCLK1Config
 .text.RCC_PCLK2Config
                0x08002138       0x38 Libraries\STM32F10x_StdPeriph_Driver\src\stm32f10x_rcc.o
                0x08002138                RCC_PCLK2Config
 .text.RCC_ADCCLKConfig
                0x08002170       0x38 Libraries\STM32F10x_StdPeriph_Driver\src\stm32f10x_rcc.o
                0x08002170                RCC_ADCCLKConfig
 .text.RCC_GetClocksFreq
                0x080021a8      0x160 Libraries\STM32F10x_StdPeriph_Driver\src\stm32f10x_rcc.o
                0x080021a8                RCC_GetClocksFreq
 .text.RCC_AHBPeriphClockCmd
                0x08002308       0x3c Libraries\STM32F10x_StdPeriph_Driver\src\stm32f10x_rcc.o
                0x08002308                RCC_AHBPeriphClockCmd
 .text.RCC_APB2PeriphClockCmd
                0x08002344       0x3c Libraries\STM32F10x_StdPeriph_Driver\src\stm32f10x_rcc.o
                0x08002344                RCC_APB2PeriphClockCmd
 .text.RCC_APB1PeriphClockCmd
                0x08002380       0x3c Libraries\STM32F10x_StdPeriph_Driver\src\stm32f10x_rcc.o
                0x08002380                RCC_APB1PeriphClockCmd
 .text.RCC_GetFlagStatus
                0x080023bc       0x74 Libraries\STM32F10x_StdPeriph_Driver\src\stm32f10x_rcc.o
                0x080023bc                RCC_GetFlagStatus
 .text.GPIO_Init
                0x08002430      0x178 Libraries\STM32F10x_StdPeriph_Driver\src\stm32f10x_gpio.o
                0x08002430                GPIO_Init
 .text.GPIO_ReadInputDataBit
                0x080025a8       0x34 Libraries\STM32F10x_StdPeriph_Driver\src\stm32f10x_gpio.o
                0x080025a8                GPIO_ReadInputDataBit
 .text.GPIO_EXTILineConfig
                0x080025dc       0x84 Libraries\STM32F10x_StdPeriph_Driver\src\stm32f10x_gpio.o
                0x080025dc                GPIO_EXTILineConfig
 .text.FLASH_SetLatency
                0x08002660       0x38 Libraries\STM32F10x_StdPeriph_Driver\src\stm32f10x_flash.o
                0x08002660                FLASH_SetLatency
 .text.EXTI_Init
                0x08002698       0xe4 Libraries\STM32F10x_StdPeriph_Driver\src\stm32f10x_exti.o
                0x08002698                EXTI_Init
 .text.EXTI_GetITStatus
                0x0800277c       0x48 Libraries\STM32F10x_StdPeriph_Driver\src\stm32f10x_exti.o
                0x0800277c                EXTI_GetITStatus
 .text.EXTI_ClearITPendingBit
                0x080027c4       0x1c Libraries\STM32F10x_StdPeriph_Driver\src\stm32f10x_exti.o
                0x080027c4                EXTI_ClearITPendingBit
 .text.DMA_DeInit
                0x080027e0      0x178 Libraries\STM32F10x_StdPeriph_Driver\src\stm32f10x_dma.o
                0x080027e0                DMA_DeInit
 .text.DMA_Init
                0x08002958       0x7c Libraries\STM32F10x_StdPeriph_Driver\src\stm32f10x_dma.o
                0x08002958                DMA_Init
 .text.DMA_Cmd  0x080029d4       0x38 Libraries\STM32F10x_StdPeriph_Driver\src\stm32f10x_dma.o
                0x080029d4                DMA_Cmd
 .text.DMA_ClearFlag
                0x08002a0c       0x34 Libraries\STM32F10x_StdPeriph_Driver\src\stm32f10x_dma.o
                0x08002a0c                DMA_ClearFlag
 .text.NVIC_Init
                0x08002a40       0xc4 Libraries\STM32F10x_StdPeriph_Driver\src\misc.o
                0x08002a40                NVIC_Init
 .text.atoi     0x08002b04        0x8 c:/program files (x86)/atollic/truestudio for arm 5.5.1/armtools/bin/../lib/gcc/arm-atollic-eabi/5.3.1/../../../../arm-atollic-eabi/lib/armv7-m\libc_nano.a(lib_a-atoi.o)
                0x08002b04                atoi
 .text.__libc_init_array
                0x08002b0c       0x4c c:/program files (x86)/atollic/truestudio for arm 5.5.1/armtools/bin/../lib/gcc/arm-atollic-eabi/5.3.1/../../../../arm-atollic-eabi/lib/armv7-m\libc_nano.a(lib_a-init.o)
                0x08002b0c                __libc_init_array
 .text.memcpy   0x08002b58       0x16 c:/program files (x86)/atollic/truestudio for arm 5.5.1/armtools/bin/../lib/gcc/arm-atollic-eabi/5.3.1/../../../../arm-atollic-eabi/lib/armv7-m\libc_nano.a(lib_a-memcpy-stub.o)
                0x08002b58                memcpy
 .text.memmem   0x08002b6e       0x3c c:/program files (x86)/atollic/truestudio for arm 5.5.1/armtools/bin/../lib/gcc/arm-atollic-eabi/5.3.1/../../../../arm-atollic-eabi/lib/armv7-m\libc_nano.a(lib_a-memmem.o)
                0x08002b6e                memmem
 .text.memset   0x08002baa       0x10 c:/program files (x86)/atollic/truestudio for arm 5.5.1/armtools/bin/../lib/gcc/arm-atollic-eabi/5.3.1/../../../../arm-atollic-eabi/lib/armv7-m\libc_nano.a(lib_a-memset.o)
                0x08002baa                memset
 .text.__cvt    0x08002bba       0xc0 c:/program files (x86)/atollic/truestudio for arm 5.5.1/armtools/bin/../lib/gcc/arm-atollic-eabi/5.3.1/../../../../arm-atollic-eabi/lib/armv7-m\libc_nano.a(lib_a-nano-vfprintf_float.o)
                0x08002bba                __cvt
 .text.__exponent
                0x08002c7a       0x62 c:/program files (x86)/atollic/truestudio for arm 5.5.1/armtools/bin/../lib/gcc/arm-atollic-eabi/5.3.1/../../../../arm-atollic-eabi/lib/armv7-m\libc_nano.a(lib_a-nano-vfprintf_float.o)
                0x08002c7a                __exponent
 .text._printf_float
                0x08002cdc      0x488 c:/program files (x86)/atollic/truestudio for arm 5.5.1/armtools/bin/../lib/gcc/arm-atollic-eabi/5.3.1/../../../../arm-atollic-eabi/lib/armv7-m\libc_nano.a(lib_a-nano-vfprintf_float.o)
                0x08002cdc                _printf_float
 .text._printf_common
                0x08003164       0xec c:/program files (x86)/atollic/truestudio for arm 5.5.1/armtools/bin/../lib/gcc/arm-atollic-eabi/5.3.1/../../../../arm-atollic-eabi/lib/armv7-m\libc_nano.a(lib_a-nano-vfprintf_i.o)
                0x08003164                _printf_common
 .text._printf_i
                0x08003250      0x24c c:/program files (x86)/atollic/truestudio for arm 5.5.1/armtools/bin/../lib/gcc/arm-atollic-eabi/5.3.1/../../../../arm-atollic-eabi/lib/armv7-m\libc_nano.a(lib_a-nano-vfprintf_i.o)
                0x08003250                _printf_i
 .text.sprintf  0x0800349c       0x48 c:/program files (x86)/atollic/truestudio for arm 5.5.1/armtools/bin/../lib/gcc/arm-atollic-eabi/5.3.1/../../../../arm-atollic-eabi/lib/armv7-m\libc_nano.a(lib_a-sprintf.o)
                0x0800349c                siprintf
                0x0800349c                sprintf
 .text.strcpy   0x080034e4       0x10 c:/program files (x86)/atollic/truestudio for arm 5.5.1/armtools/bin/../lib/gcc/arm-atollic-eabi/5.3.1/../../../../arm-atollic-eabi/lib/armv7-m\libc_nano.a(lib_a-strcpy.o)
                0x080034e4                strcpy
 .text.strtok   0x080034f4       0x64 c:/program files (x86)/atollic/truestudio for arm 5.5.1/armtools/bin/../lib/gcc/arm-atollic-eabi/5.3.1/../../../../arm-atollic-eabi/lib/armv7-m\libc_nano.a(lib_a-strtok.o)
                0x080034f4                strtok
 .text.__strtok_r
                0x08003558       0x56 c:/program files (x86)/atollic/truestudio for arm 5.5.1/armtools/bin/../lib/gcc/arm-atollic-eabi/5.3.1/../../../../arm-atollic-eabi/lib/armv7-m\libc_nano.a(lib_a-strtok_r.o)
                0x08003558                __strtok_r
 *fill*         0x080035ae        0x2 
 .text._strtol_r
                0x080035b0      0x10c c:/program files (x86)/atollic/truestudio for arm 5.5.1/armtools/bin/../lib/gcc/arm-atollic-eabi/5.3.1/../../../../arm-atollic-eabi/lib/armv7-m\libc_nano.a(lib_a-strtol.o)
                0x080035b0                _strtol_r
 .text.strtol   0x080036bc       0x14 c:/program files (x86)/atollic/truestudio for arm 5.5.1/armtools/bin/../lib/gcc/arm-atollic-eabi/5.3.1/../../../../arm-atollic-eabi/lib/armv7-m\libc_nano.a(lib_a-strtol.o)
                0x080036bc                strtol
 .text.quorem   0x080036d0      0x116 c:/program files (x86)/atollic/truestudio for arm 5.5.1/armtools/bin/../lib/gcc/arm-atollic-eabi/5.3.1/../../../../arm-atollic-eabi/lib/armv7-m\libc_nano.a(lib_a-dtoa.o)
 *fill*         0x080037e6        0x2 
 .text._dtoa_r  0x080037e8      0xb30 c:/program files (x86)/atollic/truestudio for arm 5.5.1/armtools/bin/../lib/gcc/arm-atollic-eabi/5.3.1/../../../../arm-atollic-eabi/lib/armv7-m\libc_nano.a(lib_a-dtoa.o)
                0x080037e8                _dtoa_r
 .text._localeconv_r
                0x08004318        0x8 c:/program files (x86)/atollic/truestudio for arm 5.5.1/armtools/bin/../lib/gcc/arm-atollic-eabi/5.3.1/../../../../arm-atollic-eabi/lib/armv7-m\libc_nano.a(lib_a-locale.o)
                0x08004318                _localeconv_r
 .text.malloc   0x08004320       0x10 c:/program files (x86)/atollic/truestudio for arm 5.5.1/armtools/bin/../lib/gcc/arm-atollic-eabi/5.3.1/../../../../arm-atollic-eabi/lib/armv7-m\libc_nano.a(lib_a-malloc.o)
                0x08004320                malloc
 .text.memchr   0x08004330       0x1c c:/program files (x86)/atollic/truestudio for arm 5.5.1/armtools/bin/../lib/gcc/arm-atollic-eabi/5.3.1/../../../../arm-atollic-eabi/lib/armv7-m\libc_nano.a(lib_a-memchr-stub.o)
                0x08004330                memchr
 .text.memcmp   0x0800434c       0x1e c:/program files (x86)/atollic/truestudio for arm 5.5.1/armtools/bin/../lib/gcc/arm-atollic-eabi/5.3.1/../../../../arm-atollic-eabi/lib/armv7-m\libc_nano.a(lib_a-memcmp.o)
                0x0800434c                memcmp
 .text._Balloc  0x0800436a       0x6a c:/program files (x86)/atollic/truestudio for arm 5.5.1/armtools/bin/../lib/gcc/arm-atollic-eabi/5.3.1/../../../../arm-atollic-eabi/lib/armv7-m\libc_nano.a(lib_a-mprec.o)
                0x0800436a                _Balloc
 .text._Bfree   0x080043d4       0x2e c:/program files (x86)/atollic/truestudio for arm 5.5.1/armtools/bin/../lib/gcc/arm-atollic-eabi/5.3.1/../../../../arm-atollic-eabi/lib/armv7-m\libc_nano.a(lib_a-mprec.o)
                0x080043d4                _Bfree
 .text.__multadd
                0x08004402       0x76 c:/program files (x86)/atollic/truestudio for arm 5.5.1/armtools/bin/../lib/gcc/arm-atollic-eabi/5.3.1/../../../../arm-atollic-eabi/lib/armv7-m\libc_nano.a(lib_a-mprec.o)
                0x08004402                __multadd
 .text.__hi0bits
                0x08004478       0x40 c:/program files (x86)/atollic/truestudio for arm 5.5.1/armtools/bin/../lib/gcc/arm-atollic-eabi/5.3.1/../../../../arm-atollic-eabi/lib/armv7-m\libc_nano.a(lib_a-mprec.o)
                0x08004478                __hi0bits
 .text.__lo0bits
                0x080044b8       0x5a c:/program files (x86)/atollic/truestudio for arm 5.5.1/armtools/bin/../lib/gcc/arm-atollic-eabi/5.3.1/../../../../arm-atollic-eabi/lib/armv7-m\libc_nano.a(lib_a-mprec.o)
                0x080044b8                __lo0bits
 .text.__i2b    0x08004512       0x12 c:/program files (x86)/atollic/truestudio for arm 5.5.1/armtools/bin/../lib/gcc/arm-atollic-eabi/5.3.1/../../../../arm-atollic-eabi/lib/armv7-m\libc_nano.a(lib_a-mprec.o)
                0x08004512                __i2b
 .text.__multiply
                0x08004524      0x120 c:/program files (x86)/atollic/truestudio for arm 5.5.1/armtools/bin/../lib/gcc/arm-atollic-eabi/5.3.1/../../../../arm-atollic-eabi/lib/armv7-m\libc_nano.a(lib_a-mprec.o)
                0x08004524                __multiply
 .text.__pow5mult
                0x08004644       0x9c c:/program files (x86)/atollic/truestudio for arm 5.5.1/armtools/bin/../lib/gcc/arm-atollic-eabi/5.3.1/../../../../arm-atollic-eabi/lib/armv7-m\libc_nano.a(lib_a-mprec.o)
                0x08004644                __pow5mult
 .text.__lshift
                0x080046e0       0xa2 c:/program files (x86)/atollic/truestudio for arm 5.5.1/armtools/bin/../lib/gcc/arm-atollic-eabi/5.3.1/../../../../arm-atollic-eabi/lib/armv7-m\libc_nano.a(lib_a-mprec.o)
                0x080046e0                __lshift
 .text.__mcmp   0x08004782       0x38 c:/program files (x86)/atollic/truestudio for arm 5.5.1/armtools/bin/../lib/gcc/arm-atollic-eabi/5.3.1/../../../../arm-atollic-eabi/lib/armv7-m\libc_nano.a(lib_a-mprec.o)
                0x08004782                __mcmp
 .text.__mdiff  0x080047ba       0xbe c:/program files (x86)/atollic/truestudio for arm 5.5.1/armtools/bin/../lib/gcc/arm-atollic-eabi/5.3.1/../../../../arm-atollic-eabi/lib/armv7-m\libc_nano.a(lib_a-mprec.o)
                0x080047ba                __mdiff
 .text.__d2b    0x08004878       0x9c c:/program files (x86)/atollic/truestudio for arm 5.5.1/armtools/bin/../lib/gcc/arm-atollic-eabi/5.3.1/../../../../arm-atollic-eabi/lib/armv7-m\libc_nano.a(lib_a-mprec.o)
                0x08004878                __d2b
 .text._calloc_r
                0x08004914       0x1c c:/program files (x86)/atollic/truestudio for arm 5.5.1/armtools/bin/../lib/gcc/arm-atollic-eabi/5.3.1/../../../../arm-atollic-eabi/lib/armv7-m\libc_nano.a(lib_a-nano-callocr.o)
                0x08004914                _calloc_r
 .text._free_r  0x08004930       0x98 c:/program files (x86)/atollic/truestudio for arm 5.5.1/armtools/bin/../lib/gcc/arm-atollic-eabi/5.3.1/../../../../arm-atollic-eabi/lib/armv7-m\libc_nano.a(lib_a-nano-freer.o)
                0x08004930                _free_r
 .text._malloc_r
                0x080049c8       0xbc c:/program files (x86)/atollic/truestudio for arm 5.5.1/armtools/bin/../lib/gcc/arm-atollic-eabi/5.3.1/../../../../arm-atollic-eabi/lib/armv7-m\libc_nano.a(lib_a-nano-mallocr.o)
                0x080049c8                _malloc_r
 .text.__ssputs_r
                0x08004a84       0xb2 c:/program files (x86)/atollic/truestudio for arm 5.5.1/armtools/bin/../lib/gcc/arm-atollic-eabi/5.3.1/../../../../arm-atollic-eabi/lib/armv7-m\libc_nano.a(lib_a-nano-svfprintf.o)
                0x08004a84                __ssputs_r
 *fill*         0x08004b36        0x2 
 .text._svfprintf_r
                0x08004b38      0x1e8 c:/program files (x86)/atollic/truestudio for arm 5.5.1/armtools/bin/../lib/gcc/arm-atollic-eabi/5.3.1/../../../../arm-atollic-eabi/lib/armv7-m\libc_nano.a(lib_a-nano-svfprintf.o)
                0x08004b38                _svfiprintf_r
                0x08004b38                _svfprintf_r
 .text._sbrk_r  0x08004d20       0x20 c:/program files (x86)/atollic/truestudio for arm 5.5.1/armtools/bin/../lib/gcc/arm-atollic-eabi/5.3.1/../../../../arm-atollic-eabi/lib/armv7-m\libc_nano.a(lib_a-sbrkr.o)
                0x08004d20                _sbrk_r
 .text.memmove  0x08004d40       0x36 c:/program files (x86)/atollic/truestudio for arm 5.5.1/armtools/bin/../lib/gcc/arm-atollic-eabi/5.3.1/../../../../arm-atollic-eabi/lib/armv7-m\libc_nano.a(lib_a-memmove.o)
                0x08004d40                memmove
 .text.__malloc_lock
                0x08004d76        0x2 c:/program files (x86)/atollic/truestudio for arm 5.5.1/armtools/bin/../lib/gcc/arm-atollic-eabi/5.3.1/../../../../arm-atollic-eabi/lib/armv7-m\libc_nano.a(lib_a-mlock.o)
                0x08004d76                __malloc_lock
 .text.__malloc_unlock
                0x08004d78        0x2 c:/program files (x86)/atollic/truestudio for arm 5.5.1/armtools/bin/../lib/gcc/arm-atollic-eabi/5.3.1/../../../../arm-atollic-eabi/lib/armv7-m\libc_nano.a(lib_a-mlock.o)
                0x08004d78                __malloc_unlock
 .text._realloc_r
                0x08004d7a       0x4c c:/program files (x86)/atollic/truestudio for arm 5.5.1/armtools/bin/../lib/gcc/arm-atollic-eabi/5.3.1/../../../../arm-atollic-eabi/lib/armv7-m\libc_nano.a(lib_a-nano-reallocr.o)
                0x08004d7a                _realloc_r
 .text._malloc_usable_size_r
                0x08004dc6       0x14 c:/program files (x86)/atollic/truestudio for arm 5.5.1/armtools/bin/../lib/gcc/arm-atollic-eabi/5.3.1/../../../../arm-atollic-eabi/lib/armv7-m\libc_nano.a(lib_a-nano-msizer.o)
                0x08004dc6                _malloc_usable_size_r
 *fill*         0x08004dda        0x2 
 .text._sbrk    0x08004ddc       0x1c c:/program files (x86)/atollic/truestudio for arm 5.5.1/armtools/bin/../lib/gcc/arm-atollic-eabi/5.3.1/../../../../arm-atollic-eabi/lib/armv7-m\libnosys.a(sbrk.o)
                0x08004ddc                _sbrk
 *(.glue_7)
 .glue_7        0x08004df8        0x0 linker stubs
 *(.glue_7t)
 .glue_7t       0x08004df8        0x0 linker stubs
 *(.eh_frame)
 .eh_frame      0x08004df8        0x0 c:/program files (x86)/atollic/truestudio for arm 5.5.1/armtools/bin/../lib/gcc/arm-atollic-eabi/5.3.1/armv7-m/crtbegin.o
 *(.init)
 .init          0x08004df8        0x4 c:/program files (x86)/atollic/truestudio for arm 5.5.1/armtools/bin/../lib/gcc/arm-atollic-eabi/5.3.1/armv7-m/crti.o
                0x08004df8                _init
 .init          0x08004dfc        0x8 c:/program files (x86)/atollic/truestudio for arm 5.5.1/armtools/bin/../lib/gcc/arm-atollic-eabi/5.3.1/armv7-m/crtn.o
 *(.fini)
 .fini          0x08004e04        0x4 c:/program files (x86)/atollic/truestudio for arm 5.5.1/armtools/bin/../lib/gcc/arm-atollic-eabi/5.3.1/armv7-m/crti.o
                0x08004e04                _fini
 .fini          0x08004e08        0x8 c:/program files (x86)/atollic/truestudio for arm 5.5.1/armtools/bin/../lib/gcc/arm-atollic-eabi/5.3.1/armv7-m/crtn.o
                0x08004e10                . = ALIGN (0x4)
                0x08004e10                _etext = .

.vfp11_veneer   0x08004e10        0x0
 .vfp11_veneer  0x08004e10        0x0 linker stubs

.v4_bx          0x08004e10        0x0
 .v4_bx         0x08004e10        0x0 linker stubs

.iplt           0x08004e10        0x0
 .iplt          0x08004e10        0x0 c:/program files (x86)/atollic/truestudio for arm 5.5.1/armtools/bin/../lib/gcc/arm-atollic-eabi/5.3.1/armv7-m/crtbegin.o

.rodata         0x08004e10      0x3a0
                0x08004e10                . = ALIGN (0x4)
 *(.rodata)
 .rodata        0x08004e10       0x5a src\main.o
 *fill*         0x08004e6a        0x2 
 .rodata        0x08004e6c       0xe6 src\ESP8266\NODEFirm\nodefirm.o
 *(.rodata*)
 .rodata.str1.1
                0x08004f52       0x12 c:/program files (x86)/atollic/truestudio for arm 5.5.1/armtools/bin/../lib/gcc/arm-atollic-eabi/5.3.1/../../../../arm-atollic-eabi/lib/armv7-m\libc_nano.a(lib_a-nano-vfprintf_float.o)
 .rodata.str1.1
                0x08004f64       0x22 c:/program files (x86)/atollic/truestudio for arm 5.5.1/armtools/bin/../lib/gcc/arm-atollic-eabi/5.3.1/../../../../arm-atollic-eabi/lib/armv7-m\libc_nano.a(lib_a-nano-vfprintf_i.o)
 .rodata._ctype_
                0x08004f86      0x101 c:/program files (x86)/atollic/truestudio for arm 5.5.1/armtools/bin/../lib/gcc/arm-atollic-eabi/5.3.1/../../../../arm-atollic-eabi/lib/armv7-m\libc_nano.a(lib_a-ctype_.o)
                0x08004f86                _ctype_
 .rodata.str1.1
                0x08005087        0xd c:/program files (x86)/atollic/truestudio for arm 5.5.1/armtools/bin/../lib/gcc/arm-atollic-eabi/5.3.1/../../../../arm-atollic-eabi/lib/armv7-m\libc_nano.a(lib_a-dtoa.o)
                                  0xf (size before relaxing)
 .rodata.str1.1
                0x08005094        0x2 c:/program files (x86)/atollic/truestudio for arm 5.5.1/armtools/bin/../lib/gcc/arm-atollic-eabi/5.3.1/../../../../arm-atollic-eabi/lib/armv7-m\libc_nano.a(lib_a-impure.o)
 .rodata.str1.1
                0x08005096        0x8 c:/program files (x86)/atollic/truestudio for arm 5.5.1/armtools/bin/../lib/gcc/arm-atollic-eabi/5.3.1/../../../../arm-atollic-eabi/lib/armv7-m\libc_nano.a(lib_a-locale.o)
                                  0xb (size before relaxing)
 *fill*         0x0800509e        0x2 
 .rodata.__mprec_tens
                0x080050a0       0xc8 c:/program files (x86)/atollic/truestudio for arm 5.5.1/armtools/bin/../lib/gcc/arm-atollic-eabi/5.3.1/../../../../arm-atollic-eabi/lib/armv7-m\libc_nano.a(lib_a-mprec.o)
                0x080050a0                __mprec_tens
 .rodata.__mprec_bigtens
                0x08005168       0x28 c:/program files (x86)/atollic/truestudio for arm 5.5.1/armtools/bin/../lib/gcc/arm-atollic-eabi/5.3.1/../../../../arm-atollic-eabi/lib/armv7-m\libc_nano.a(lib_a-mprec.o)
                0x08005168                __mprec_bigtens
 .rodata.p05.5385
                0x08005190        0xc c:/program files (x86)/atollic/truestudio for arm 5.5.1/armtools/bin/../lib/gcc/arm-atollic-eabi/5.3.1/../../../../arm-atollic-eabi/lib/armv7-m\libc_nano.a(lib_a-mprec.o)
 .rodata.str1.1
                0x0800519c       0x11 c:/program files (x86)/atollic/truestudio for arm 5.5.1/armtools/bin/../lib/gcc/arm-atollic-eabi/5.3.1/../../../../arm-atollic-eabi/lib/armv7-m\libc_nano.a(lib_a-nano-svfprintf.o)
                0x080051b0                . = ALIGN (0x4)
 *fill*         0x080051ad        0x3 

.rel.dyn        0x080051b0        0x0
 .rel.iplt      0x080051b0        0x0 c:/program files (x86)/atollic/truestudio for arm 5.5.1/armtools/bin/../lib/gcc/arm-atollic-eabi/5.3.1/armv7-m/crtbegin.o

.ARM.extab
 *(.ARM.extab* .gnu.linkonce.armextab.*)

.ARM            0x080051b0        0x0
                0x080051b0                __exidx_start = .
 *(.ARM.exidx*)
                0x080051b0                __exidx_end = .

.preinit_array  0x080051b0        0x0
                0x080051b0                PROVIDE (__preinit_array_start, .)
 *(.preinit_array*)
                0x080051b0                PROVIDE (__preinit_array_end, .)

.init_array     0x080051b0        0x4
                0x080051b0                PROVIDE (__init_array_start, .)
 *(SORT(.init_array.*))
 *(.init_array*)
 .init_array    0x080051b0        0x4 c:/program files (x86)/atollic/truestudio for arm 5.5.1/armtools/bin/../lib/gcc/arm-atollic-eabi/5.3.1/armv7-m/crtbegin.o
                0x080051b4                PROVIDE (__init_array_end, .)

.fini_array     0x080051b4        0x4
                [!provide]                PROVIDE (__fini_array_start, .)
 *(SORT(.fini_array.*))
 *(.fini_array*)
 .fini_array    0x080051b4        0x4 c:/program files (x86)/atollic/truestudio for arm 5.5.1/armtools/bin/../lib/gcc/arm-atollic-eabi/5.3.1/armv7-m/crtbegin.o
                [!provide]                PROVIDE (__fini_array_end, .)
                0x080051b8                _sidata = LOADADDR (.data)

.data           0x20000000       0xdc load address 0x080051b8
                0x20000000                . = ALIGN (0x4)
                0x20000000                _sdata = .
 *(.data)
 *(.data*)
 .data.SystemCoreClock
                0x20000000        0x4 src\system_stm32f10x.o
                0x20000000                SystemCoreClock
 .data.freqMhz  0x20000004        0x1 src\Time\time.o
                0x20000004                freqMhz
 *fill*         0x20000005        0x3 
 .data.pump_relay_pin
                0x20000008        0x4 src\InstanceControls\SwampControls.o
                0x20000008                pump_relay_pin
 .data.fan_low_pin
                0x2000000c        0x4 src\InstanceControls\SwampControls.o
                0x2000000c                fan_low_pin
 .data.fan_high_pin
                0x20000010        0x4 src\InstanceControls\SwampControls.o
                0x20000010                fan_high_pin
 .data.pump_relay_port
                0x20000014        0x4 src\InstanceControls\SwampControls.o
                0x20000014                pump_relay_port
 .data.APPCommandsArray
                0x20000018        0xc src\ESP8266\NODEFirm\nodefirm.o
                0x20000018                APPCommandsArray
 .data.command_preamble
                0x20000024        0x4 src\ESP8266\NODEFirm\nodefirm.o
                0x20000024                command_preamble
 .data.APBAHBPrescTable
                0x20000028       0x10 Libraries\STM32F10x_StdPeriph_Driver\src\stm32f10x_rcc.o
 .data.ADCPrescTable
                0x20000038        0x4 Libraries\STM32F10x_StdPeriph_Driver\src\stm32f10x_rcc.o
 .data.__ctype_ptr__
                0x2000003c        0x4 c:/program files (x86)/atollic/truestudio for arm 5.5.1/armtools/bin/../lib/gcc/arm-atollic-eabi/5.3.1/../../../../arm-atollic-eabi/lib/armv7-m\libc_nano.a(lib_a-ctype_.o)
                0x2000003c                __ctype_ptr__
 .data.impure_data
                0x20000040       0x60 c:/program files (x86)/atollic/truestudio for arm 5.5.1/armtools/bin/../lib/gcc/arm-atollic-eabi/5.3.1/../../../../arm-atollic-eabi/lib/armv7-m\libc_nano.a(lib_a-impure.o)
 .data._impure_ptr
                0x200000a0        0x4 c:/program files (x86)/atollic/truestudio for arm 5.5.1/armtools/bin/../lib/gcc/arm-atollic-eabi/5.3.1/../../../../arm-atollic-eabi/lib/armv7-m\libc_nano.a(lib_a-impure.o)
                0x200000a0                _impure_ptr
 .data.lconv    0x200000a4       0x38 c:/program files (x86)/atollic/truestudio for arm 5.5.1/armtools/bin/../lib/gcc/arm-atollic-eabi/5.3.1/../../../../arm-atollic-eabi/lib/armv7-m\libc_nano.a(lib_a-locale.o)
                0x200000dc                . = ALIGN (0x4)
                0x200000dc                _edata = .

.igot.plt       0x200000dc        0x0 load address 0x08005294
 .igot.plt      0x200000dc        0x0 c:/program files (x86)/atollic/truestudio for arm 5.5.1/armtools/bin/../lib/gcc/arm-atollic-eabi/5.3.1/armv7-m/crtbegin.o
                0x200000dc                . = ALIGN (0x4)

.bss            0x200000dc      0x6fc load address 0x08005294
                0x200000dc                _sbss = .
                0x200000dc                __bss_start__ = _sbss
 *(.bss)
 .bss           0x200000dc       0x1c c:/program files (x86)/atollic/truestudio for arm 5.5.1/armtools/bin/../lib/gcc/arm-atollic-eabi/5.3.1/armv7-m/crtbegin.o
 *(.bss*)
 .bss.lastDHT22update
                0x200000f8        0x4 src\main.o
                0x200000f8                lastDHT22update
 .bss.lastDMACheck
                0x200000fc        0x4 src\main.o
                0x200000fc                lastDMACheck
 .bss.millis    0x20000100        0x4 src\Time\time.o
                0x20000100                millis
 .bss.micros    0x20000104        0x4 src\Time\time.o
                0x20000104                micros
 .bss.waitingForReponse
                0x20000108        0x1 src\ESP8266\esp8266.o
                0x20000108                waitingForReponse
 *fill*         0x20000109        0x3 
 .bss.TxWaitForResponse_TimeStmp
                0x2000010c        0x4 src\ESP8266\esp8266.o
                0x2000010c                TxWaitForResponse_TimeStmp
 .bss.upTimeStart
                0x20000110        0x4 src\DHT22\dht22.o
                0x20000110                upTimeStart
 .bss.upTimeEnd
                0x20000114        0x4 src\DHT22\dht22.o
                0x20000114                upTimeEnd
 .bss.downTimeStart
                0x20000118        0x4 src\DHT22\dht22.o
                0x20000118                downTimeStart
 .bss.downTimeEnd
                0x2000011c        0x4 src\DHT22\dht22.o
                0x2000011c                downTimeEnd
 .bss.currentBit
                0x20000120        0x1 src\DHT22\dht22.o
                0x20000120                currentBit
 *fill*         0x20000121        0x3 
 .bss.dhtTimeStamp
                0x20000124        0x4 src\DHT22\dht22.o
                0x20000124                dhtTimeStamp
 .bss.__malloc_sbrk_start
                0x20000128        0x4 c:/program files (x86)/atollic/truestudio for arm 5.5.1/armtools/bin/../lib/gcc/arm-atollic-eabi/5.3.1/../../../../arm-atollic-eabi/lib/armv7-m\libc_nano.a(lib_a-nano-mallocr.o)
                0x20000128                __malloc_sbrk_start
 .bss.__malloc_free_list
                0x2000012c        0x4 c:/program files (x86)/atollic/truestudio for arm 5.5.1/armtools/bin/../lib/gcc/arm-atollic-eabi/5.3.1/../../../../arm-atollic-eabi/lib/armv7-m\libc_nano.a(lib_a-nano-mallocr.o)
                0x2000012c                __malloc_free_list
 .bss.heap_end.4167
                0x20000130        0x4 c:/program files (x86)/atollic/truestudio for arm 5.5.1/armtools/bin/../lib/gcc/arm-atollic-eabi/5.3.1/../../../../arm-atollic-eabi/lib/armv7-m\libnosys.a(sbrk.o)
 *(COMMON)
 COMMON         0x20000134      0x22c src\main.o
                0x20000134                USART_RxBuffer
                0x20000328                microseconds
                0x2000032c                Current_DHT22_Reading
                0x20000340                Previous_DHT22_Reading
                0x20000354                TX_Buffer
                0x20000358                current_request
 COMMON         0x20000360       0x28 src\USART\usart.o
                0x20000360                Interrupt_Config_USART
                0x20000364                Active_USART
                0x20000374                USART_Full_Config
                0x20000384                Config_USART
 COMMON         0x20000388      0x20c src\ESP8266\esp8266.o
                0x20000388                closeConnectionBuffer
                0x20000398                USART3_RxBuffer
                0x2000058c                WaitForAnswer_cmd_Buffer
                0x20000590                WaitForAnswer_ans_Buffer
 COMMON         0x20000594      0x1f8 src\ESP8266\NODEFirm\nodefirm.o
                0x20000594                ESP_Command_Buffer
                0x20000788                ESP_Command_Buffer_Pntr
 COMMON         0x2000078c       0x48 src\DHT22\dht22.o
                0x2000078c                DHT22_Buffer16
                0x20000794                DHT22_Pin_GPIO_Config
                0x20000798                humidTemp
                0x2000079c                DHT22_Bit_Time
                0x200007cc                DHT22_Buffer
                0x200007d2                tempTemp
 COMMON         0x200007d4        0x4 c:/program files (x86)/atollic/truestudio for arm 5.5.1/armtools/bin/../lib/gcc/arm-atollic-eabi/5.3.1/../../../../arm-atollic-eabi/lib/armv7-m\libc_nano.a(lib_a-reent.o)
                0x200007d4                errno
                0x200007d8                . = ALIGN (0x4)
                0x200007d8                _ebss = .
                0x200007d8                __bss_end__ = _ebss

._user_heap_stack
                0x200007d8      0x100 load address 0x08005294
                0x200007d8                . = ALIGN (0x4)
                0x200007d8                PROVIDE (end, .)
                [!provide]                PROVIDE (_end, .)
                0x200007d8                . = (. + _Min_Heap_Size)
                0x200008d8                . = (. + _Min_Stack_Size)
 *fill*         0x200007d8      0x100 
                0x200008d8                . = ALIGN (0x4)

.memory_b1_text
 *(.mb1text)
 *(.mb1text*)
 *(.mb1rodata)
 *(.mb1rodata*)

/DISCARD/
 libc.a(*)
 libm.a(*)
 libgcc.a(*)

.ARM.attributes
                0x00000000       0x29
 *(.ARM.attributes)
 .ARM.attributes
                0x00000000       0x1d c:/program files (x86)/atollic/truestudio for arm 5.5.1/armtools/bin/../lib/gcc/arm-atollic-eabi/5.3.1/armv7-m/crti.o
 .ARM.attributes
                0x0000001d       0x2d c:/program files (x86)/atollic/truestudio for arm 5.5.1/armtools/bin/../lib/gcc/arm-atollic-eabi/5.3.1/armv7-m/crtbegin.o
 .ARM.attributes
                0x0000004a       0x33 src\system_stm32f10x.o
 .ARM.attributes
                0x0000007d       0x33 src\stm32f1xx_it.o
 .ARM.attributes
                0x000000b0       0x21 src\startup_stm32f10x_md.o
 .ARM.attributes
                0x000000d1       0x33 src\main.o
 .ARM.attributes
                0x00000104       0x33 src\USART\usart.o
 .ARM.attributes
                0x00000137       0x33 src\Time\time.o
 .ARM.attributes
                0x0000016a       0x33 src\InstanceControls\SwampControls.o
 .ARM.attributes
                0x0000019d       0x33 src\ESP8266\esp8266.o
 .ARM.attributes
                0x000001d0       0x33 src\ESP8266\NODEFirm\nodefirm.o
 .ARM.attributes
                0x00000203       0x33 src\DHT22\dht22.o
 .ARM.attributes
                0x00000236       0x33 src\CustomStructs\HelperFunctions.o
 .ARM.attributes
                0x00000269       0x33 Libraries\STM32F10x_StdPeriph_Driver\src\stm32f10x_usart.o
 .ARM.attributes
                0x0000029c       0x33 Libraries\STM32F10x_StdPeriph_Driver\src\stm32f10x_rcc.o
 .ARM.attributes
                0x000002cf       0x33 Libraries\STM32F10x_StdPeriph_Driver\src\stm32f10x_gpio.o
 .ARM.attributes
                0x00000302       0x33 Libraries\STM32F10x_StdPeriph_Driver\src\stm32f10x_flash.o
 .ARM.attributes
                0x00000335       0x33 Libraries\STM32F10x_StdPeriph_Driver\src\stm32f10x_exti.o
 .ARM.attributes
                0x00000368       0x33 Libraries\STM32F10x_StdPeriph_Driver\src\stm32f10x_dma.o
 .ARM.attributes
                0x0000039b       0x33 Libraries\STM32F10x_StdPeriph_Driver\src\misc.o
 .ARM.attributes
                0x000003ce       0x2d c:/program files (x86)/atollic/truestudio for arm 5.5.1/armtools/bin/../lib/gcc/arm-atollic-eabi/5.3.1/../../../../arm-atollic-eabi/lib/armv7-m\libc_nano.a(lib_a-atoi.o)
 .ARM.attributes
                0x000003fb       0x2d c:/program files (x86)/atollic/truestudio for arm 5.5.1/armtools/bin/../lib/gcc/arm-atollic-eabi/5.3.1/../../../../arm-atollic-eabi/lib/armv7-m\libc_nano.a(lib_a-init.o)
 .ARM.attributes
                0x00000428       0x2d c:/program files (x86)/atollic/truestudio for arm 5.5.1/armtools/bin/../lib/gcc/arm-atollic-eabi/5.3.1/../../../../arm-atollic-eabi/lib/armv7-m\libc_nano.a(lib_a-memcpy-stub.o)
 .ARM.attributes
                0x00000455       0x2d c:/program files (x86)/atollic/truestudio for arm 5.5.1/armtools/bin/../lib/gcc/arm-atollic-eabi/5.3.1/../../../../arm-atollic-eabi/lib/armv7-m\libc_nano.a(lib_a-memmem.o)
 .ARM.attributes
                0x00000482       0x2d c:/program files (x86)/atollic/truestudio for arm 5.5.1/armtools/bin/../lib/gcc/arm-atollic-eabi/5.3.1/../../../../arm-atollic-eabi/lib/armv7-m\libc_nano.a(lib_a-memset.o)
 .ARM.attributes
                0x000004af       0x2d c:/program files (x86)/atollic/truestudio for arm 5.5.1/armtools/bin/../lib/gcc/arm-atollic-eabi/5.3.1/../../../../arm-atollic-eabi/lib/armv7-m\libc_nano.a(lib_a-nano-vfprintf_float.o)
 .ARM.attributes
                0x000004dc       0x2d c:/program files (x86)/atollic/truestudio for arm 5.5.1/armtools/bin/../lib/gcc/arm-atollic-eabi/5.3.1/../../../../arm-atollic-eabi/lib/armv7-m\libc_nano.a(lib_a-nano-vfprintf_i.o)
 .ARM.attributes
                0x00000509       0x2d c:/program files (x86)/atollic/truestudio for arm 5.5.1/armtools/bin/../lib/gcc/arm-atollic-eabi/5.3.1/../../../../arm-atollic-eabi/lib/armv7-m\libc_nano.a(lib_a-sprintf.o)
 .ARM.attributes
                0x00000536       0x1b c:/program files (x86)/atollic/truestudio for arm 5.5.1/armtools/bin/../lib/gcc/arm-atollic-eabi/5.3.1/../../../../arm-atollic-eabi/lib/armv7-m\libc_nano.a(lib_a-strcmp.o)
 .ARM.attributes
                0x00000551       0x2d c:/program files (x86)/atollic/truestudio for arm 5.5.1/armtools/bin/../lib/gcc/arm-atollic-eabi/5.3.1/../../../../arm-atollic-eabi/lib/armv7-m\libc_nano.a(lib_a-strcpy.o)
 .ARM.attributes
                0x0000057e       0x17 c:/program files (x86)/atollic/truestudio for arm 5.5.1/armtools/bin/../lib/gcc/arm-atollic-eabi/5.3.1/../../../../arm-atollic-eabi/lib/armv7-m\libc_nano.a(lib_a-strlen.o)
 .ARM.attributes
                0x00000595       0x2d c:/program files (x86)/atollic/truestudio for arm 5.5.1/armtools/bin/../lib/gcc/arm-atollic-eabi/5.3.1/../../../../arm-atollic-eabi/lib/armv7-m\libc_nano.a(lib_a-strtok.o)
 .ARM.attributes
                0x000005c2       0x2d c:/program files (x86)/atollic/truestudio for arm 5.5.1/armtools/bin/../lib/gcc/arm-atollic-eabi/5.3.1/../../../../arm-atollic-eabi/lib/armv7-m\libc_nano.a(lib_a-strtok_r.o)
 .ARM.attributes
                0x000005ef       0x2d c:/program files (x86)/atollic/truestudio for arm 5.5.1/armtools/bin/../lib/gcc/arm-atollic-eabi/5.3.1/../../../../arm-atollic-eabi/lib/armv7-m\libc_nano.a(lib_a-strtol.o)
 .ARM.attributes
                0x0000061c       0x2d c:/program files (x86)/atollic/truestudio for arm 5.5.1/armtools/bin/../lib/gcc/arm-atollic-eabi/5.3.1/../../../../arm-atollic-eabi/lib/armv7-m\libc_nano.a(lib_a-ctype_.o)
 .ARM.attributes
                0x00000649       0x2d c:/program files (x86)/atollic/truestudio for arm 5.5.1/armtools/bin/../lib/gcc/arm-atollic-eabi/5.3.1/../../../../arm-atollic-eabi/lib/armv7-m\libc_nano.a(lib_a-dtoa.o)
 .ARM.attributes
                0x00000676       0x2d c:/program files (x86)/atollic/truestudio for arm 5.5.1/armtools/bin/../lib/gcc/arm-atollic-eabi/5.3.1/../../../../arm-atollic-eabi/lib/armv7-m\libc_nano.a(lib_a-impure.o)
 .ARM.attributes
                0x000006a3       0x2d c:/program files (x86)/atollic/truestudio for arm 5.5.1/armtools/bin/../lib/gcc/arm-atollic-eabi/5.3.1/../../../../arm-atollic-eabi/lib/armv7-m\libc_nano.a(lib_a-locale.o)
 .ARM.attributes
                0x000006d0       0x2d c:/program files (x86)/atollic/truestudio for arm 5.5.1/armtools/bin/../lib/gcc/arm-atollic-eabi/5.3.1/../../../../arm-atollic-eabi/lib/armv7-m\libc_nano.a(lib_a-malloc.o)
 .ARM.attributes
                0x000006fd       0x2d c:/program files (x86)/atollic/truestudio for arm 5.5.1/armtools/bin/../lib/gcc/arm-atollic-eabi/5.3.1/../../../../arm-atollic-eabi/lib/armv7-m\libc_nano.a(lib_a-memchr-stub.o)
 .ARM.attributes
                0x0000072a       0x2d c:/program files (x86)/atollic/truestudio for arm 5.5.1/armtools/bin/../lib/gcc/arm-atollic-eabi/5.3.1/../../../../arm-atollic-eabi/lib/armv7-m\libc_nano.a(lib_a-memcmp.o)
 .ARM.attributes
                0x00000757       0x2d c:/program files (x86)/atollic/truestudio for arm 5.5.1/armtools/bin/../lib/gcc/arm-atollic-eabi/5.3.1/../../../../arm-atollic-eabi/lib/armv7-m\libc_nano.a(lib_a-mprec.o)
 .ARM.attributes
                0x00000784       0x2d c:/program files (x86)/atollic/truestudio for arm 5.5.1/armtools/bin/../lib/gcc/arm-atollic-eabi/5.3.1/../../../../arm-atollic-eabi/lib/armv7-m\libc_nano.a(lib_a-nano-callocr.o)
 .ARM.attributes
                0x000007b1       0x2d c:/program files (x86)/atollic/truestudio for arm 5.5.1/armtools/bin/../lib/gcc/arm-atollic-eabi/5.3.1/../../../../arm-atollic-eabi/lib/armv7-m\libc_nano.a(lib_a-nano-freer.o)
 .ARM.attributes
                0x000007de       0x2d c:/program files (x86)/atollic/truestudio for arm 5.5.1/armtools/bin/../lib/gcc/arm-atollic-eabi/5.3.1/../../../../arm-atollic-eabi/lib/armv7-m\libc_nano.a(lib_a-nano-mallocr.o)
 .ARM.attributes
                0x0000080b       0x2d c:/program files (x86)/atollic/truestudio for arm 5.5.1/armtools/bin/../lib/gcc/arm-atollic-eabi/5.3.1/../../../../arm-atollic-eabi/lib/armv7-m\libc_nano.a(lib_a-nano-svfprintf.o)
 .ARM.attributes
                0x00000838       0x2d c:/program files (x86)/atollic/truestudio for arm 5.5.1/armtools/bin/../lib/gcc/arm-atollic-eabi/5.3.1/../../../../arm-atollic-eabi/lib/armv7-m\libc_nano.a(lib_a-sbrkr.o)
 .ARM.attributes
                0x00000865       0x2d c:/program files (x86)/atollic/truestudio for arm 5.5.1/armtools/bin/../lib/gcc/arm-atollic-eabi/5.3.1/../../../../arm-atollic-eabi/lib/armv7-m\libc_nano.a(lib_a-memmove.o)
 .ARM.attributes
                0x00000892       0x2d c:/program files (x86)/atollic/truestudio for arm 5.5.1/armtools/bin/../lib/gcc/arm-atollic-eabi/5.3.1/../../../../arm-atollic-eabi/lib/armv7-m\libc_nano.a(lib_a-mlock.o)
 .ARM.attributes
                0x000008bf       0x2d c:/program files (x86)/atollic/truestudio for arm 5.5.1/armtools/bin/../lib/gcc/arm-atollic-eabi/5.3.1/../../../../arm-atollic-eabi/lib/armv7-m\libc_nano.a(lib_a-nano-reallocr.o)
 .ARM.attributes
                0x000008ec       0x2d c:/program files (x86)/atollic/truestudio for arm 5.5.1/armtools/bin/../lib/gcc/arm-atollic-eabi/5.3.1/../../../../arm-atollic-eabi/lib/armv7-m\libc_nano.a(lib_a-reent.o)
 .ARM.attributes
                0x00000919       0x2d c:/program files (x86)/atollic/truestudio for arm 5.5.1/armtools/bin/../lib/gcc/arm-atollic-eabi/5.3.1/../../../../arm-atollic-eabi/lib/armv7-m\libc_nano.a(lib_a-nano-msizer.o)
 .ARM.attributes
                0x00000946       0x1d c:/program files (x86)/atollic/truestudio for arm 5.5.1/armtools/bin/../lib/gcc/arm-atollic-eabi/5.3.1/armv7-m\libgcc.a(_arm_addsubdf3.o)
 .ARM.attributes
                0x00000963       0x1d c:/program files (x86)/atollic/truestudio for arm 5.5.1/armtools/bin/../lib/gcc/arm-atollic-eabi/5.3.1/armv7-m\libgcc.a(_arm_muldivdf3.o)
 .ARM.attributes
                0x00000980       0x1d c:/program files (x86)/atollic/truestudio for arm 5.5.1/armtools/bin/../lib/gcc/arm-atollic-eabi/5.3.1/armv7-m\libgcc.a(_arm_cmpdf2.o)
 .ARM.attributes
                0x0000099d       0x1d c:/program files (x86)/atollic/truestudio for arm 5.5.1/armtools/bin/../lib/gcc/arm-atollic-eabi/5.3.1/armv7-m\libgcc.a(_arm_unorddf2.o)
 .ARM.attributes
                0x000009ba       0x1d c:/program files (x86)/atollic/truestudio for arm 5.5.1/armtools/bin/../lib/gcc/arm-atollic-eabi/5.3.1/armv7-m\libgcc.a(_arm_fixdfsi.o)
 .ARM.attributes
                0x000009d7       0x1d c:/program files (x86)/atollic/truestudio for arm 5.5.1/armtools/bin/../lib/gcc/arm-atollic-eabi/5.3.1/armv7-m\libgcc.a(_arm_truncdfsf2.o)
 .ARM.attributes
                0x000009f4       0x1d c:/program files (x86)/atollic/truestudio for arm 5.5.1/armtools/bin/../lib/gcc/arm-atollic-eabi/5.3.1/armv7-m\libgcc.a(_arm_cmpsf2.o)
 .ARM.attributes
                0x00000a11       0x2d c:/program files (x86)/atollic/truestudio for arm 5.5.1/armtools/bin/../lib/gcc/arm-atollic-eabi/5.3.1/../../../../arm-atollic-eabi/lib/armv7-m\libnosys.a(sbrk.o)
 .ARM.attributes
                0x00000a3e       0x1d c:/program files (x86)/atollic/truestudio for arm 5.5.1/armtools/bin/../lib/gcc/arm-atollic-eabi/5.3.1/armv7-m/crtn.o
OUTPUT(SwampControllerBaseV2.elf elf32-littlearm)

.debug_info     0x00000000     0x628d
 .debug_info    0x00000000      0x4a0 src\system_stm32f10x.o
 .debug_info    0x000004a0      0x122 src\stm32f1xx_it.o
 .debug_info    0x000005c2       0xaa src\startup_stm32f10x_md.o
 .debug_info    0x0000066c      0x422 src\main.o
 .debug_info    0x00000a8e      0x82b src\USART\usart.o
 .debug_info    0x000012b9      0x667 src\Time\time.o
 .debug_info    0x00001920      0x33a src\InstanceControls\SwampControls.o
 .debug_info    0x00001c5a      0x6d9 src\ESP8266\esp8266.o
 .debug_info    0x00002333      0x42e src\ESP8266\NODEFirm\nodefirm.o
 .debug_info    0x00002761      0xb43 src\DHT22\dht22.o
 .debug_info    0x000032a4      0x165 src\CustomStructs\HelperFunctions.o
 .debug_info    0x00003409      0x9f4 Libraries\STM32F10x_StdPeriph_Driver\src\stm32f10x_usart.o
 .debug_info    0x00003dfd      0x8a7 Libraries\STM32F10x_StdPeriph_Driver\src\stm32f10x_rcc.o
 .debug_info    0x000046a4      0x6fa Libraries\STM32F10x_StdPeriph_Driver\src\stm32f10x_gpio.o
 .debug_info    0x00004d9e      0x7c1 Libraries\STM32F10x_StdPeriph_Driver\src\stm32f10x_flash.o
 .debug_info    0x0000555f      0x355 Libraries\STM32F10x_StdPeriph_Driver\src\stm32f10x_exti.o
 .debug_info    0x000058b4      0x47f Libraries\STM32F10x_StdPeriph_Driver\src\stm32f10x_dma.o
 .debug_info    0x00005d33      0x55a Libraries\STM32F10x_StdPeriph_Driver\src\misc.o

.debug_abbrev   0x00000000     0x1930
 .debug_abbrev  0x00000000      0x150 src\system_stm32f10x.o
 .debug_abbrev  0x00000150       0x67 src\stm32f1xx_it.o
 .debug_abbrev  0x000001b7       0x12 src\startup_stm32f10x_md.o
 .debug_abbrev  0x000001c9      0x1a8 src\main.o
 .debug_abbrev  0x00000371      0x187 src\USART\usart.o
 .debug_abbrev  0x000004f8      0x1e1 src\Time\time.o
 .debug_abbrev  0x000006d9      0x169 src\InstanceControls\SwampControls.o
 .debug_abbrev  0x00000842      0x1c8 src\ESP8266\esp8266.o
 .debug_abbrev  0x00000a0a      0x1b3 src\ESP8266\NODEFirm\nodefirm.o
 .debug_abbrev  0x00000bbd      0x254 src\DHT22\dht22.o
 .debug_abbrev  0x00000e11       0xa3 src\CustomStructs\HelperFunctions.o
 .debug_abbrev  0x00000eb4      0x166 Libraries\STM32F10x_StdPeriph_Driver\src\stm32f10x_usart.o
 .debug_abbrev  0x0000101a      0x1be Libraries\STM32F10x_StdPeriph_Driver\src\stm32f10x_rcc.o
 .debug_abbrev  0x000011d8      0x1ce Libraries\STM32F10x_StdPeriph_Driver\src\stm32f10x_gpio.o
 .debug_abbrev  0x000013a6      0x191 Libraries\STM32F10x_StdPeriph_Driver\src\stm32f10x_flash.o
 .debug_abbrev  0x00001537      0x157 Libraries\STM32F10x_StdPeriph_Driver\src\stm32f10x_exti.o
 .debug_abbrev  0x0000168e      0x159 Libraries\STM32F10x_StdPeriph_Driver\src\stm32f10x_dma.o
 .debug_abbrev  0x000017e7      0x149 Libraries\STM32F10x_StdPeriph_Driver\src\misc.o

.debug_aranges  0x00000000      0x828
 .debug_aranges
                0x00000000       0x38 src\system_stm32f10x.o
 .debug_aranges
                0x00000038       0x58 src\stm32f1xx_it.o
 .debug_aranges
                0x00000090       0x28 src\startup_stm32f10x_md.o
 .debug_aranges
                0x000000b8       0x50 src\main.o
 .debug_aranges
                0x00000108       0x60 src\USART\usart.o
 .debug_aranges
                0x00000168       0x48 src\Time\time.o
 .debug_aranges
                0x000001b0       0x40 src\InstanceControls\SwampControls.o
 .debug_aranges
                0x000001f0       0x80 src\ESP8266\esp8266.o
 .debug_aranges
                0x00000270       0x40 src\ESP8266\NODEFirm\nodefirm.o
 .debug_aranges
                0x000002b0       0x88 src\DHT22\dht22.o
 .debug_aranges
                0x00000338       0x30 src\CustomStructs\HelperFunctions.o
 .debug_aranges
                0x00000368      0x100 Libraries\STM32F10x_StdPeriph_Driver\src\stm32f10x_usart.o
 .debug_aranges
                0x00000468      0x118 Libraries\STM32F10x_StdPeriph_Driver\src\stm32f10x_rcc.o
 .debug_aranges
                0x00000580       0xa8 Libraries\STM32F10x_StdPeriph_Driver\src\stm32f10x_gpio.o
 .debug_aranges
                0x00000628       0xf8 Libraries\STM32F10x_StdPeriph_Driver\src\stm32f10x_flash.o
 .debug_aranges
                0x00000720       0x58 Libraries\STM32F10x_StdPeriph_Driver\src\stm32f10x_exti.o
 .debug_aranges
                0x00000778       0x70 Libraries\STM32F10x_StdPeriph_Driver\src\stm32f10x_dma.o
 .debug_aranges
                0x000007e8       0x40 Libraries\STM32F10x_StdPeriph_Driver\src\misc.o

.debug_ranges   0x00000000      0x710
 .debug_ranges  0x00000000       0x28 src\system_stm32f10x.o
 .debug_ranges  0x00000028       0x48 src\stm32f1xx_it.o
 .debug_ranges  0x00000070       0x20 src\startup_stm32f10x_md.o
 .debug_ranges  0x00000090       0x40 src\main.o
 .debug_ranges  0x000000d0       0x50 src\USART\usart.o
 .debug_ranges  0x00000120       0x38 src\Time\time.o
 .debug_ranges  0x00000158       0x30 src\InstanceControls\SwampControls.o
 .debug_ranges  0x00000188       0x70 src\ESP8266\esp8266.o
 .debug_ranges  0x000001f8       0x30 src\ESP8266\NODEFirm\nodefirm.o
 .debug_ranges  0x00000228       0x78 src\DHT22\dht22.o
 .debug_ranges  0x000002a0       0x20 src\CustomStructs\HelperFunctions.o
 .debug_ranges  0x000002c0       0xf0 Libraries\STM32F10x_StdPeriph_Driver\src\stm32f10x_usart.o
 .debug_ranges  0x000003b0      0x108 Libraries\STM32F10x_StdPeriph_Driver\src\stm32f10x_rcc.o
 .debug_ranges  0x000004b8       0x98 Libraries\STM32F10x_StdPeriph_Driver\src\stm32f10x_gpio.o
 .debug_ranges  0x00000550       0xe8 Libraries\STM32F10x_StdPeriph_Driver\src\stm32f10x_flash.o
 .debug_ranges  0x00000638       0x48 Libraries\STM32F10x_StdPeriph_Driver\src\stm32f10x_exti.o
 .debug_ranges  0x00000680       0x60 Libraries\STM32F10x_StdPeriph_Driver\src\stm32f10x_dma.o
 .debug_ranges  0x000006e0       0x30 Libraries\STM32F10x_StdPeriph_Driver\src\misc.o

.debug_line     0x00000000     0x3449
 .debug_line    0x00000000      0x230 src\system_stm32f10x.o
 .debug_line    0x00000230      0x1d6 src\stm32f1xx_it.o
 .debug_line    0x00000406       0x7c src\startup_stm32f10x_md.o
 .debug_line    0x00000482      0x358 src\main.o
 .debug_line    0x000007da      0x305 src\USART\usart.o
 .debug_line    0x00000adf      0x1b2 src\Time\time.o
 .debug_line    0x00000c91      0x27f src\InstanceControls\SwampControls.o
 .debug_line    0x00000f10      0x3be src\ESP8266\esp8266.o
 .debug_line    0x000012ce      0x269 src\ESP8266\NODEFirm\nodefirm.o
 .debug_line    0x00001537      0x374 src\DHT22\dht22.o
 .debug_line    0x000018ab      0x16b src\CustomStructs\HelperFunctions.o
 .debug_line    0x00001a16      0x4b1 Libraries\STM32F10x_StdPeriph_Driver\src\stm32f10x_usart.o
 .debug_line    0x00001ec7      0x4ca Libraries\STM32F10x_StdPeriph_Driver\src\stm32f10x_rcc.o
 .debug_line    0x00002391      0x3cf Libraries\STM32F10x_StdPeriph_Driver\src\stm32f10x_gpio.o
 .debug_line    0x00002760      0x4cb Libraries\STM32F10x_StdPeriph_Driver\src\stm32f10x_flash.o
 .debug_line    0x00002c2b      0x2a5 Libraries\STM32F10x_StdPeriph_Driver\src\stm32f10x_exti.o
 .debug_line    0x00002ed0      0x337 Libraries\STM32F10x_StdPeriph_Driver\src\stm32f10x_dma.o
 .debug_line    0x00003207      0x242 Libraries\STM32F10x_StdPeriph_Driver\src\misc.o

.debug_str      0x00000000     0x27d7
 .debug_str     0x00000000      0x2e2 src\system_stm32f10x.o
                                0x351 (size before relaxing)
 .debug_str     0x000002e2       0x96 src\stm32f1xx_it.o
                                0x241 (size before relaxing)
 .debug_str     0x00000378      0x22b src\main.o
                                0x416 (size before relaxing)
 .debug_str     0x000005a3      0x78d src\USART\usart.o
                                0x9ac (size before relaxing)
 .debug_str     0x00000d30       0xe8 src\Time\time.o
                                0x62f (size before relaxing)
 .debug_str     0x00000e18       0xe0 src\InstanceControls\SwampControls.o
                                0x3f4 (size before relaxing)
 .debug_str     0x00000ef8      0x2d9 src\ESP8266\esp8266.o
                                0x6e2 (size before relaxing)
 .debug_str     0x000011d1      0x15d src\ESP8266\NODEFirm\nodefirm.o
                                0x41d (size before relaxing)
 .debug_str     0x0000132e      0x357 src\DHT22\dht22.o
                                0xaf3 (size before relaxing)
 .debug_str     0x00001685       0x82 src\CustomStructs\HelperFunctions.o
                                0x23d (size before relaxing)
 .debug_str     0x00001707      0x3be Libraries\STM32F10x_StdPeriph_Driver\src\stm32f10x_usart.o
                                0x716 (size before relaxing)
 .debug_str     0x00001ac5      0x380 Libraries\STM32F10x_StdPeriph_Driver\src\stm32f10x_rcc.o
                                0x6a0 (size before relaxing)
 .debug_str     0x00001e45      0x250 Libraries\STM32F10x_StdPeriph_Driver\src\stm32f10x_gpio.o
                                0x59f (size before relaxing)
 .debug_str     0x00002095      0x402 Libraries\STM32F10x_StdPeriph_Driver\src\stm32f10x_flash.o
                                0x66e (size before relaxing)
 .debug_str     0x00002497      0x100 Libraries\STM32F10x_StdPeriph_Driver\src\stm32f10x_exti.o
                                0x3cf (size before relaxing)
 .debug_str     0x00002597      0x13a Libraries\STM32F10x_StdPeriph_Driver\src\stm32f10x_dma.o
                                0x43d (size before relaxing)
 .debug_str     0x000026d1      0x106 Libraries\STM32F10x_StdPeriph_Driver\src\misc.o
                                0x444 (size before relaxing)

.comment        0x00000000       0x7e
 .comment       0x00000000       0x7e src\system_stm32f10x.o
                                 0x7f (size before relaxing)
 .comment       0x0000007e       0x7f src\stm32f1xx_it.o
 .comment       0x0000007e       0x7f src\main.o
 .comment       0x0000007e       0x7f src\USART\usart.o
 .comment       0x0000007e       0x7f src\Time\time.o
 .comment       0x0000007e       0x7f src\InstanceControls\SwampControls.o
 .comment       0x0000007e       0x7f src\ESP8266\esp8266.o
 .comment       0x0000007e       0x7f src\ESP8266\NODEFirm\nodefirm.o
 .comment       0x0000007e       0x7f src\DHT22\dht22.o
 .comment       0x0000007e       0x7f src\CustomStructs\HelperFunctions.o
 .comment       0x0000007e       0x7f Libraries\STM32F10x_StdPeriph_Driver\src\stm32f10x_usart.o
 .comment       0x0000007e       0x7f Libraries\STM32F10x_StdPeriph_Driver\src\stm32f10x_rcc.o
 .comment       0x0000007e       0x7f Libraries\STM32F10x_StdPeriph_Driver\src\stm32f10x_gpio.o
 .comment       0x0000007e       0x7f Libraries\STM32F10x_StdPeriph_Driver\src\stm32f10x_flash.o
 .comment       0x0000007e       0x7f Libraries\STM32F10x_StdPeriph_Driver\src\stm32f10x_exti.o
 .comment       0x0000007e       0x7f Libraries\STM32F10x_StdPeriph_Driver\src\stm32f10x_dma.o
 .comment       0x0000007e       0x7f Libraries\STM32F10x_StdPeriph_Driver\src\misc.o

.debug_frame    0x00000000     0x2824
 .debug_frame   0x00000000       0x98 src\system_stm32f10x.o
 .debug_frame   0x00000098       0xf0 src\stm32f1xx_it.o
 .debug_frame   0x00000188       0xec src\main.o
 .debug_frame   0x00000274      0x148 src\USART\usart.o
 .debug_frame   0x000003bc       0xe0 src\Time\time.o
 .debug_frame   0x0000049c       0xc0 src\InstanceControls\SwampControls.o
 .debug_frame   0x0000055c      0x1d0 src\ESP8266\esp8266.o
 .debug_frame   0x0000072c       0xd4 src\ESP8266\NODEFirm\nodefirm.o
 .debug_frame   0x00000800      0x1f8 src\DHT22\dht22.o
 .debug_frame   0x000009f8       0x7c src\CustomStructs\HelperFunctions.o
 .debug_frame   0x00000a74      0x490 Libraries\STM32F10x_StdPeriph_Driver\src\stm32f10x_usart.o
 .debug_frame   0x00000f04      0x4f4 Libraries\STM32F10x_StdPeriph_Driver\src\stm32f10x_rcc.o
 .debug_frame   0x000013f8      0x2d0 Libraries\STM32F10x_StdPeriph_Driver\src\stm32f10x_gpio.o
 .debug_frame   0x000016c8      0x410 Libraries\STM32F10x_StdPeriph_Driver\src\stm32f10x_flash.o
 .debug_frame   0x00001ad8      0x148 Libraries\STM32F10x_StdPeriph_Driver\src\stm32f10x_exti.o
 .debug_frame   0x00001c20      0x1c8 Libraries\STM32F10x_StdPeriph_Driver\src\stm32f10x_dma.o
 .debug_frame   0x00001de8       0xd8 Libraries\STM32F10x_StdPeriph_Driver\src\misc.o
 .debug_frame   0x00001ec0       0x30 c:/program files (x86)/atollic/truestudio for arm 5.5.1/armtools/bin/../lib/gcc/arm-atollic-eabi/5.3.1/../../../../arm-atollic-eabi/lib/armv7-m\libc_nano.a(lib_a-atoi.o)
 .debug_frame   0x00001ef0       0x2c c:/program files (x86)/atollic/truestudio for arm 5.5.1/armtools/bin/../lib/gcc/arm-atollic-eabi/5.3.1/../../../../arm-atollic-eabi/lib/armv7-m\libc_nano.a(lib_a-init.o)
 .debug_frame   0x00001f1c       0x28 c:/program files (x86)/atollic/truestudio for arm 5.5.1/armtools/bin/../lib/gcc/arm-atollic-eabi/5.3.1/../../../../arm-atollic-eabi/lib/armv7-m\libc_nano.a(lib_a-memcpy-stub.o)
 .debug_frame   0x00001f44       0x34 c:/program files (x86)/atollic/truestudio for arm 5.5.1/armtools/bin/../lib/gcc/arm-atollic-eabi/5.3.1/../../../../arm-atollic-eabi/lib/armv7-m\libc_nano.a(lib_a-memmem.o)
 .debug_frame   0x00001f78       0x20 c:/program files (x86)/atollic/truestudio for arm 5.5.1/armtools/bin/../lib/gcc/arm-atollic-eabi/5.3.1/../../../../arm-atollic-eabi/lib/armv7-m\libc_nano.a(lib_a-memset.o)
 .debug_frame   0x00001f98       0x8c c:/program files (x86)/atollic/truestudio for arm 5.5.1/armtools/bin/../lib/gcc/arm-atollic-eabi/5.3.1/../../../../arm-atollic-eabi/lib/armv7-m\libc_nano.a(lib_a-nano-vfprintf_float.o)
 .debug_frame   0x00002024       0x60 c:/program files (x86)/atollic/truestudio for arm 5.5.1/armtools/bin/../lib/gcc/arm-atollic-eabi/5.3.1/../../../../arm-atollic-eabi/lib/armv7-m\libc_nano.a(lib_a-nano-vfprintf_i.o)
 .debug_frame   0x00002084       0x70 c:/program files (x86)/atollic/truestudio for arm 5.5.1/armtools/bin/../lib/gcc/arm-atollic-eabi/5.3.1/../../../../arm-atollic-eabi/lib/armv7-m\libc_nano.a(lib_a-sprintf.o)
 .debug_frame   0x000020f4       0x20 c:/program files (x86)/atollic/truestudio for arm 5.5.1/armtools/bin/../lib/gcc/arm-atollic-eabi/5.3.1/../../../../arm-atollic-eabi/lib/armv7-m\libc_nano.a(lib_a-strcmp.o)
 .debug_frame   0x00002114       0x20 c:/program files (x86)/atollic/truestudio for arm 5.5.1/armtools/bin/../lib/gcc/arm-atollic-eabi/5.3.1/../../../../arm-atollic-eabi/lib/armv7-m\libc_nano.a(lib_a-strcpy.o)
 .debug_frame   0x00002134       0x38 c:/program files (x86)/atollic/truestudio for arm 5.5.1/armtools/bin/../lib/gcc/arm-atollic-eabi/5.3.1/../../../../arm-atollic-eabi/lib/armv7-m\libc_nano.a(lib_a-strtok.o)
 .debug_frame   0x0000216c       0x40 c:/program files (x86)/atollic/truestudio for arm 5.5.1/armtools/bin/../lib/gcc/arm-atollic-eabi/5.3.1/../../../../arm-atollic-eabi/lib/armv7-m\libc_nano.a(lib_a-strtok_r.o)
 .debug_frame   0x000021ac       0x44 c:/program files (x86)/atollic/truestudio for arm 5.5.1/armtools/bin/../lib/gcc/arm-atollic-eabi/5.3.1/../../../../arm-atollic-eabi/lib/armv7-m\libc_nano.a(lib_a-strtol.o)
 .debug_frame   0x000021f0       0x6c c:/program files (x86)/atollic/truestudio for arm 5.5.1/armtools/bin/../lib/gcc/arm-atollic-eabi/5.3.1/../../../../arm-atollic-eabi/lib/armv7-m\libc_nano.a(lib_a-dtoa.o)
 .debug_frame   0x0000225c       0x98 c:/program files (x86)/atollic/truestudio for arm 5.5.1/armtools/bin/../lib/gcc/arm-atollic-eabi/5.3.1/../../../../arm-atollic-eabi/lib/armv7-m\libc_nano.a(lib_a-locale.o)
 .debug_frame   0x000022f4       0x30 c:/program files (x86)/atollic/truestudio for arm 5.5.1/armtools/bin/../lib/gcc/arm-atollic-eabi/5.3.1/../../../../arm-atollic-eabi/lib/armv7-m\libc_nano.a(lib_a-malloc.o)
 .debug_frame   0x00002324       0x28 c:/program files (x86)/atollic/truestudio for arm 5.5.1/armtools/bin/../lib/gcc/arm-atollic-eabi/5.3.1/../../../../arm-atollic-eabi/lib/armv7-m\libc_nano.a(lib_a-memchr-stub.o)
 .debug_frame   0x0000234c       0x28 c:/program files (x86)/atollic/truestudio for arm 5.5.1/armtools/bin/../lib/gcc/arm-atollic-eabi/5.3.1/../../../../arm-atollic-eabi/lib/armv7-m\libc_nano.a(lib_a-memcmp.o)
 .debug_frame   0x00002374      0x234 c:/program files (x86)/atollic/truestudio for arm 5.5.1/armtools/bin/../lib/gcc/arm-atollic-eabi/5.3.1/../../../../arm-atollic-eabi/lib/armv7-m\libc_nano.a(lib_a-mprec.o)
 .debug_frame   0x000025a8       0x2c c:/program files (x86)/atollic/truestudio for arm 5.5.1/armtools/bin/../lib/gcc/arm-atollic-eabi/5.3.1/../../../../arm-atollic-eabi/lib/armv7-m\libc_nano.a(lib_a-nano-callocr.o)
 .debug_frame   0x000025d4       0x38 c:/program files (x86)/atollic/truestudio for arm 5.5.1/armtools/bin/../lib/gcc/arm-atollic-eabi/5.3.1/../../../../arm-atollic-eabi/lib/armv7-m\libc_nano.a(lib_a-nano-freer.o)
 .debug_frame   0x0000260c       0x2c c:/program files (x86)/atollic/truestudio for arm 5.5.1/armtools/bin/../lib/gcc/arm-atollic-eabi/5.3.1/../../../../arm-atollic-eabi/lib/armv7-m\libc_nano.a(lib_a-nano-mallocr.o)
 .debug_frame   0x00002638       0x90 c:/program files (x86)/atollic/truestudio for arm 5.5.1/armtools/bin/../lib/gcc/arm-atollic-eabi/5.3.1/../../../../arm-atollic-eabi/lib/armv7-m\libc_nano.a(lib_a-nano-svfprintf.o)
 .debug_frame   0x000026c8       0x2c c:/program files (x86)/atollic/truestudio for arm 5.5.1/armtools/bin/../lib/gcc/arm-atollic-eabi/5.3.1/../../../../arm-atollic-eabi/lib/armv7-m\libc_nano.a(lib_a-sbrkr.o)
 .debug_frame   0x000026f4       0x28 c:/program files (x86)/atollic/truestudio for arm 5.5.1/armtools/bin/../lib/gcc/arm-atollic-eabi/5.3.1/../../../../arm-atollic-eabi/lib/armv7-m\libc_nano.a(lib_a-memmove.o)
 .debug_frame   0x0000271c       0x30 c:/program files (x86)/atollic/truestudio for arm 5.5.1/armtools/bin/../lib/gcc/arm-atollic-eabi/5.3.1/../../../../arm-atollic-eabi/lib/armv7-m\libc_nano.a(lib_a-mlock.o)
 .debug_frame   0x0000274c       0x3c c:/program files (x86)/atollic/truestudio for arm 5.5.1/armtools/bin/../lib/gcc/arm-atollic-eabi/5.3.1/../../../../arm-atollic-eabi/lib/armv7-m\libc_nano.a(lib_a-nano-reallocr.o)
 .debug_frame   0x00002788       0x5c c:/program files (x86)/atollic/truestudio for arm 5.5.1/armtools/bin/../lib/gcc/arm-atollic-eabi/5.3.1/../../../../arm-atollic-eabi/lib/armv7-m\libc_nano.a(lib_a-reent.o)
 .debug_frame   0x000027e4       0x20 c:/program files (x86)/atollic/truestudio for arm 5.5.1/armtools/bin/../lib/gcc/arm-atollic-eabi/5.3.1/../../../../arm-atollic-eabi/lib/armv7-m\libc_nano.a(lib_a-nano-msizer.o)
 .debug_frame   0x00002804       0x20 c:/program files (x86)/atollic/truestudio for arm 5.5.1/armtools/bin/../lib/gcc/arm-atollic-eabi/5.3.1/../../../../arm-atollic-eabi/lib/armv7-m\libnosys.a(sbrk.o)

Cross Reference Table

Symbol                                            File
ADC1_2_IRQHandler                                 src\startup_stm32f10x_md.o
ADC_AnalogWatchdogCmd                             Libraries\STM32F10x_StdPeriph_Driver\src\stm32f10x_adc.o
ADC_AnalogWatchdogSingleChannelConfig             Libraries\STM32F10x_StdPeriph_Driver\src\stm32f10x_adc.o
ADC_AnalogWatchdogThresholdsConfig                Libraries\STM32F10x_StdPeriph_Driver\src\stm32f10x_adc.o
ADC_AutoInjectedConvCmd                           Libraries\STM32F10x_StdPeriph_Driver\src\stm32f10x_adc.o
ADC_ClearFlag                                     Libraries\STM32F10x_StdPeriph_Driver\src\stm32f10x_adc.o
ADC_ClearITPendingBit                             Libraries\STM32F10x_StdPeriph_Driver\src\stm32f10x_adc.o
ADC_Cmd                                           Libraries\STM32F10x_StdPeriph_Driver\src\stm32f10x_adc.o
ADC_DMACmd                                        Libraries\STM32F10x_StdPeriph_Driver\src\stm32f10x_adc.o
ADC_DeInit                                        Libraries\STM32F10x_StdPeriph_Driver\src\stm32f10x_adc.o
ADC_DiscModeChannelCountConfig                    Libraries\STM32F10x_StdPeriph_Driver\src\stm32f10x_adc.o
ADC_DiscModeCmd                                   Libraries\STM32F10x_StdPeriph_Driver\src\stm32f10x_adc.o
ADC_ExternalTrigConvCmd                           Libraries\STM32F10x_StdPeriph_Driver\src\stm32f10x_adc.o
ADC_ExternalTrigInjectedConvCmd                   Libraries\STM32F10x_StdPeriph_Driver\src\stm32f10x_adc.o
ADC_ExternalTrigInjectedConvConfig                Libraries\STM32F10x_StdPeriph_Driver\src\stm32f10x_adc.o
ADC_GetCalibrationStatus                          Libraries\STM32F10x_StdPeriph_Driver\src\stm32f10x_adc.o
ADC_GetConversionValue                            Libraries\STM32F10x_StdPeriph_Driver\src\stm32f10x_adc.o
ADC_GetDualModeConversionValue                    Libraries\STM32F10x_StdPeriph_Driver\src\stm32f10x_adc.o
ADC_GetFlagStatus                                 Libraries\STM32F10x_StdPeriph_Driver\src\stm32f10x_adc.o
ADC_GetITStatus                                   Libraries\STM32F10x_StdPeriph_Driver\src\stm32f10x_adc.o
ADC_GetInjectedConversionValue                    Libraries\STM32F10x_StdPeriph_Driver\src\stm32f10x_adc.o
ADC_GetResetCalibrationStatus                     Libraries\STM32F10x_StdPeriph_Driver\src\stm32f10x_adc.o
ADC_GetSoftwareStartConvStatus                    Libraries\STM32F10x_StdPeriph_Driver\src\stm32f10x_adc.o
ADC_GetSoftwareStartInjectedConvCmdStatus         Libraries\STM32F10x_StdPeriph_Driver\src\stm32f10x_adc.o
ADC_ITConfig                                      Libraries\STM32F10x_StdPeriph_Driver\src\stm32f10x_adc.o
ADC_Init                                          Libraries\STM32F10x_StdPeriph_Driver\src\stm32f10x_adc.o
ADC_InjectedChannelConfig                         Libraries\STM32F10x_StdPeriph_Driver\src\stm32f10x_adc.o
ADC_InjectedDiscModeCmd                           Libraries\STM32F10x_StdPeriph_Driver\src\stm32f10x_adc.o
ADC_InjectedSequencerLengthConfig                 Libraries\STM32F10x_StdPeriph_Driver\src\stm32f10x_adc.o
ADC_RegularChannelConfig                          Libraries\STM32F10x_StdPeriph_Driver\src\stm32f10x_adc.o
ADC_ResetCalibration                              Libraries\STM32F10x_StdPeriph_Driver\src\stm32f10x_adc.o
ADC_SetInjectedOffset                             Libraries\STM32F10x_StdPeriph_Driver\src\stm32f10x_adc.o
ADC_SoftwareStartConvCmd                          Libraries\STM32F10x_StdPeriph_Driver\src\stm32f10x_adc.o
ADC_SoftwareStartInjectedConvCmd                  Libraries\STM32F10x_StdPeriph_Driver\src\stm32f10x_adc.o
ADC_StartCalibration                              Libraries\STM32F10x_StdPeriph_Driver\src\stm32f10x_adc.o
ADC_StructInit                                    Libraries\STM32F10x_StdPeriph_Driver\src\stm32f10x_adc.o
ADC_TempSensorVrefintCmd                          Libraries\STM32F10x_StdPeriph_Driver\src\stm32f10x_adc.o
AHBPrescTable                                     src\system_stm32f10x.o
APPCommandsArray                                  src\ESP8266\NODEFirm\nodefirm.o
                                                  src\ESP8266\esp8266.o
                                                  src\main.o
APP_Command_To_String                             src\ESP8266\esp8266.o
ATCommandsArray                                   src\ESP8266\ATFirm\atfirm.o
Active_USART                                      src\USART\usart.o
BKP_ClearFlag                                     Libraries\STM32F10x_StdPeriph_Driver\src\stm32f10x_bkp.o
BKP_ClearITPendingBit                             Libraries\STM32F10x_StdPeriph_Driver\src\stm32f10x_bkp.o
BKP_DeInit                                        Libraries\STM32F10x_StdPeriph_Driver\src\stm32f10x_bkp.o
BKP_GetFlagStatus                                 Libraries\STM32F10x_StdPeriph_Driver\src\stm32f10x_bkp.o
BKP_GetITStatus                                   Libraries\STM32F10x_StdPeriph_Driver\src\stm32f10x_bkp.o
BKP_ITConfig                                      Libraries\STM32F10x_StdPeriph_Driver\src\stm32f10x_bkp.o
BKP_RTCOutputConfig                               Libraries\STM32F10x_StdPeriph_Driver\src\stm32f10x_bkp.o
BKP_ReadBackupRegister                            Libraries\STM32F10x_StdPeriph_Driver\src\stm32f10x_bkp.o
BKP_SetRTCCalibrationValue                        Libraries\STM32F10x_StdPeriph_Driver\src\stm32f10x_bkp.o
BKP_TamperPinCmd                                  Libraries\STM32F10x_StdPeriph_Driver\src\stm32f10x_bkp.o
BKP_TamperPinLevelConfig                          Libraries\STM32F10x_StdPeriph_Driver\src\stm32f10x_bkp.o
BKP_WriteBackupRegister                           Libraries\STM32F10x_StdPeriph_Driver\src\stm32f10x_bkp.o
BusFault_Handler                                  src\stm32f1xx_it.o
CAN1_RX1_IRQHandler                               src\startup_stm32f10x_md.o
CAN1_SCE_IRQHandler                               src\startup_stm32f10x_md.o
CAN_CancelTransmit                                Libraries\STM32F10x_StdPeriph_Driver\src\stm32f10x_can.o
CAN_ClearFlag                                     Libraries\STM32F10x_StdPeriph_Driver\src\stm32f10x_can.o
CAN_ClearITPendingBit                             Libraries\STM32F10x_StdPeriph_Driver\src\stm32f10x_can.o
CAN_DBGFreeze                                     Libraries\STM32F10x_StdPeriph_Driver\src\stm32f10x_can.o
CAN_DeInit                                        Libraries\STM32F10x_StdPeriph_Driver\src\stm32f10x_can.o
CAN_FIFORelease                                   Libraries\STM32F10x_StdPeriph_Driver\src\stm32f10x_can.o
CAN_FilterInit                                    Libraries\STM32F10x_StdPeriph_Driver\src\stm32f10x_can.o
CAN_GetFlagStatus                                 Libraries\STM32F10x_StdPeriph_Driver\src\stm32f10x_can.o
CAN_GetITStatus                                   Libraries\STM32F10x_StdPeriph_Driver\src\stm32f10x_can.o
CAN_GetLSBTransmitErrorCounter                    Libraries\STM32F10x_StdPeriph_Driver\src\stm32f10x_can.o
CAN_GetLastErrorCode                              Libraries\STM32F10x_StdPeriph_Driver\src\stm32f10x_can.o
CAN_GetReceiveErrorCounter                        Libraries\STM32F10x_StdPeriph_Driver\src\stm32f10x_can.o
CAN_ITConfig                                      Libraries\STM32F10x_StdPeriph_Driver\src\stm32f10x_can.o
CAN_Init                                          Libraries\STM32F10x_StdPeriph_Driver\src\stm32f10x_can.o
CAN_MessagePending                                Libraries\STM32F10x_StdPeriph_Driver\src\stm32f10x_can.o
CAN_OperatingModeRequest                          Libraries\STM32F10x_StdPeriph_Driver\src\stm32f10x_can.o
CAN_Receive                                       Libraries\STM32F10x_StdPeriph_Driver\src\stm32f10x_can.o
CAN_SlaveStartBank                                Libraries\STM32F10x_StdPeriph_Driver\src\stm32f10x_can.o
CAN_Sleep                                         Libraries\STM32F10x_StdPeriph_Driver\src\stm32f10x_can.o
CAN_StructInit                                    Libraries\STM32F10x_StdPeriph_Driver\src\stm32f10x_can.o
CAN_TTComModeCmd                                  Libraries\STM32F10x_StdPeriph_Driver\src\stm32f10x_can.o
CAN_Transmit                                      Libraries\STM32F10x_StdPeriph_Driver\src\stm32f10x_can.o
CAN_TransmitStatus                                Libraries\STM32F10x_StdPeriph_Driver\src\stm32f10x_can.o
CAN_WakeUp                                        Libraries\STM32F10x_StdPeriph_Driver\src\stm32f10x_can.o
CEC_ClearFlag                                     Libraries\STM32F10x_StdPeriph_Driver\src\stm32f10x_cec.o
CEC_ClearITPendingBit                             Libraries\STM32F10x_StdPeriph_Driver\src\stm32f10x_cec.o
CEC_Cmd                                           Libraries\STM32F10x_StdPeriph_Driver\src\stm32f10x_cec.o
CEC_DeInit                                        Libraries\STM32F10x_StdPeriph_Driver\src\stm32f10x_cec.o
CEC_EndOfMessageCmd                               Libraries\STM32F10x_StdPeriph_Driver\src\stm32f10x_cec.o
CEC_GetFlagStatus                                 Libraries\STM32F10x_StdPeriph_Driver\src\stm32f10x_cec.o
CEC_GetITStatus                                   Libraries\STM32F10x_StdPeriph_Driver\src\stm32f10x_cec.o
CEC_ITConfig                                      Libraries\STM32F10x_StdPeriph_Driver\src\stm32f10x_cec.o
CEC_Init                                          Libraries\STM32F10x_StdPeriph_Driver\src\stm32f10x_cec.o
CEC_OwnAddressConfig                              Libraries\STM32F10x_StdPeriph_Driver\src\stm32f10x_cec.o
CEC_ReceiveDataByte                               Libraries\STM32F10x_StdPeriph_Driver\src\stm32f10x_cec.o
CEC_SendDataByte                                  Libraries\STM32F10x_StdPeriph_Driver\src\stm32f10x_cec.o
CEC_SetPrescaler                                  Libraries\STM32F10x_StdPeriph_Driver\src\stm32f10x_cec.o
CEC_StartOfMessage                                Libraries\STM32F10x_StdPeriph_Driver\src\stm32f10x_cec.o
CRC_CalcBlockCRC                                  Libraries\STM32F10x_StdPeriph_Driver\src\stm32f10x_crc.o
CRC_CalcCRC                                       Libraries\STM32F10x_StdPeriph_Driver\src\stm32f10x_crc.o
CRC_GetCRC                                        Libraries\STM32F10x_StdPeriph_Driver\src\stm32f10x_crc.o
CRC_GetIDRegister                                 Libraries\STM32F10x_StdPeriph_Driver\src\stm32f10x_crc.o
CRC_ResetDR                                       Libraries\STM32F10x_StdPeriph_Driver\src\stm32f10x_crc.o
CRC_SetIDRegister                                 Libraries\STM32F10x_StdPeriph_Driver\src\stm32f10x_crc.o
ClearArray_Size                                   src\CustomStructs\HelperFunctions.o
                                                  src\ESP8266\NODEFirm\nodefirm.o
                                                  src\ESP8266\esp8266.o
Config_USART                                      src\USART\usart.o
Configure_HSE_Clock                               src\main.o
Configure_HSI_Clock                               src\main.o
Configure_LSE_Clock                               src\main.o
Configure_RTC                                     src\main.o
Current_DHT22_Reading                             src\main.o
DAC_Cmd                                           Libraries\STM32F10x_StdPeriph_Driver\src\stm32f10x_dac.o
DAC_DMACmd                                        Libraries\STM32F10x_StdPeriph_Driver\src\stm32f10x_dac.o
DAC_DeInit                                        Libraries\STM32F10x_StdPeriph_Driver\src\stm32f10x_dac.o
DAC_DualSoftwareTriggerCmd                        Libraries\STM32F10x_StdPeriph_Driver\src\stm32f10x_dac.o
DAC_GetDataOutputValue                            Libraries\STM32F10x_StdPeriph_Driver\src\stm32f10x_dac.o
DAC_Init                                          Libraries\STM32F10x_StdPeriph_Driver\src\stm32f10x_dac.o
DAC_SetChannel1Data                               Libraries\STM32F10x_StdPeriph_Driver\src\stm32f10x_dac.o
DAC_SetChannel2Data                               Libraries\STM32F10x_StdPeriph_Driver\src\stm32f10x_dac.o
DAC_SetDualChannelData                            Libraries\STM32F10x_StdPeriph_Driver\src\stm32f10x_dac.o
DAC_SoftwareTriggerCmd                            Libraries\STM32F10x_StdPeriph_Driver\src\stm32f10x_dac.o
DAC_StructInit                                    Libraries\STM32F10x_StdPeriph_Driver\src\stm32f10x_dac.o
DAC_WaveGenerationCmd                             Libraries\STM32F10x_StdPeriph_Driver\src\stm32f10x_dac.o
DBGMCU_Config                                     Libraries\STM32F10x_StdPeriph_Driver\src\stm32f10x_dbgmcu.o
DBGMCU_GetDEVID                                   Libraries\STM32F10x_StdPeriph_Driver\src\stm32f10x_dbgmcu.o
DBGMCU_GetREVID                                   Libraries\STM32F10x_StdPeriph_Driver\src\stm32f10x_dbgmcu.o
DHT22_Bit_Time                                    src\DHT22\dht22.o